Component: ARM Compiler 5.06 update 1 (build 61) Tool: armlink [4d35a8]

==============================================================================

Section Cross References

    main.o(i.jiancha) refers to _printf_percent.o(.ARM.Collect$$_printf_percent$$00000000) for _printf_percent
    main.o(i.jiancha) refers to _printf_d.o(.ARM.Collect$$_printf_percent$$00000009) for _printf_d
    main.o(i.jiancha) refers to _printf_dec.o(.text) for _printf_int_dec
    main.o(i.jiancha) refers to mpu6050.o(i.MPU_Init) for MPU_Init
    main.o(i.jiancha) refers to noretval__2printf.o(.text) for __2printf
    main.o(i.jiancha) refers to inv_mpu.o(i.mpu_dmp_init) for mpu_dmp_init
    main.o(i.main) refers to _printf_percent.o(.ARM.Collect$$_printf_percent$$00000000) for _printf_percent
    main.o(i.main) refers to _printf_d.o(.ARM.Collect$$_printf_percent$$00000009) for _printf_d
    main.o(i.main) refers to _printf_dec.o(.text) for _printf_int_dec
    main.o(i.main) refers to misc.o(i.NVIC_PriorityGroupConfig) for NVIC_PriorityGroupConfig
    main.o(i.main) refers to timer1.o(i.TIM1_PWM_Init) for TIM1_PWM_Init
    main.o(i.main) refers to timer7.o(i.TIM7_Init) for TIM7_Init
    main.o(i.main) refers to encoder.o(i.Encoder_Init) for Encoder_Init
    main.o(i.main) refers to control.o(i.C5_C12_init) for C5_C12_init
    main.o(i.main) refers to control.o(i.Control_init) for Control_init
    main.o(i.main) refers to delay.o(i.delay_init) for delay_init
    main.o(i.main) refers to usart.o(i.uart3_init) for uart3_init
    main.o(i.main) refers to mpu6050.o(i.MPU_Init) for MPU_Init
    main.o(i.main) refers to inv_mpu.o(i.mpu_dmp_init) for mpu_dmp_init
    main.o(i.main) refers to inv_mpu.o(i.mpu_dmp_get_data) for mpu_dmp_get_data
    main.o(i.main) refers to mpu6050.o(i.MPU_Get_Accelerometer) for MPU_Get_Accelerometer
    main.o(i.main) refers to mpu6050.o(i.MPU_Get_Gyroscope) for MPU_Get_Gyroscope
    main.o(i.main) refers to vofa.o(i.vofa_printmpu6050) for vofa_printmpu6050
    main.o(i.main) refers to noretval__2printf.o(.text) for __2printf
    main.o(i.main) refers to main.o(.data) for .data
    main.o(i.main) refers to control.o(.data) for M_LB
    system_stm32f10x.o(i.SystemCoreClockUpdate) refers to system_stm32f10x.o(.data) for .data
    system_stm32f10x.o(i.SystemInit) refers to system_stm32f10x.o(i.SetSysClockTo72) for SetSysClockTo72
    led.o(i.LED_Init) refers to stm32f10x_rcc.o(i.RCC_APB2PeriphClockCmd) for RCC_APB2PeriphClockCmd
    led.o(i.LED_Init) refers to stm32f10x_gpio.o(i.GPIO_Init) for GPIO_Init
    led.o(i.LED_Init) refers to stm32f10x_gpio.o(i.GPIO_SetBits) for GPIO_SetBits
    mpu6050.o(i.MPU_Get_Accelerometer) refers to mpu6050.o(i.MPU_Read_Len) for MPU_Read_Len
    mpu6050.o(i.MPU_Get_Gyroscope) refers to mpu6050.o(i.MPU_Read_Len) for MPU_Read_Len
    mpu6050.o(i.MPU_Get_Temperature) refers to mpu6050.o(i.MPU_Read_Len) for MPU_Read_Len
    mpu6050.o(i.MPU_Get_Temperature) refers to dflt_clz.o(x$fpl$dflt) for __aeabi_i2d
    mpu6050.o(i.MPU_Get_Temperature) refers to ddiv.o(x$fpl$ddiv) for __aeabi_ddiv
    mpu6050.o(i.MPU_Get_Temperature) refers to daddsub_clz.o(x$fpl$dadd) for __aeabi_dadd
    mpu6050.o(i.MPU_Get_Temperature) refers to d2f.o(x$fpl$d2f) for __aeabi_d2f
    mpu6050.o(i.MPU_Get_Temperature) refers to fmul.o(x$fpl$fmul) for __aeabi_fmul
    mpu6050.o(i.MPU_Get_Temperature) refers to ffix.o(x$fpl$ffix) for __aeabi_f2iz
    mpu6050.o(i.MPU_Init) refers to mpuiic.o(i.MPU_IIC_Init) for MPU_IIC_Init
    mpu6050.o(i.MPU_Init) refers to mpu6050.o(i.MPU_Write_Byte) for MPU_Write_Byte
    mpu6050.o(i.MPU_Init) refers to delay.o(i.delay_ms) for delay_ms
    mpu6050.o(i.MPU_Init) refers to mpu6050.o(i.MPU_Set_Gyro_Fsr) for MPU_Set_Gyro_Fsr
    mpu6050.o(i.MPU_Init) refers to mpu6050.o(i.MPU_Set_Accel_Fsr) for MPU_Set_Accel_Fsr
    mpu6050.o(i.MPU_Init) refers to mpu6050.o(i.MPU_Set_Rate) for MPU_Set_Rate
    mpu6050.o(i.MPU_Init) refers to mpu6050.o(i.MPU_Read_Byte) for MPU_Read_Byte
    mpu6050.o(i.MPU_Read_Byte) refers to mpuiic.o(i.MPU_IIC_Start) for MPU_IIC_Start
    mpu6050.o(i.MPU_Read_Byte) refers to mpuiic.o(i.MPU_IIC_Send_Byte) for MPU_IIC_Send_Byte
    mpu6050.o(i.MPU_Read_Byte) refers to mpuiic.o(i.MPU_IIC_Wait_Ack) for MPU_IIC_Wait_Ack
    mpu6050.o(i.MPU_Read_Byte) refers to mpuiic.o(i.MPU_IIC_Read_Byte) for MPU_IIC_Read_Byte
    mpu6050.o(i.MPU_Read_Byte) refers to mpuiic.o(i.MPU_IIC_Stop) for MPU_IIC_Stop
    mpu6050.o(i.MPU_Read_Len) refers to mpuiic.o(i.MPU_IIC_Start) for MPU_IIC_Start
    mpu6050.o(i.MPU_Read_Len) refers to mpuiic.o(i.MPU_IIC_Send_Byte) for MPU_IIC_Send_Byte
    mpu6050.o(i.MPU_Read_Len) refers to mpuiic.o(i.MPU_IIC_Wait_Ack) for MPU_IIC_Wait_Ack
    mpu6050.o(i.MPU_Read_Len) refers to mpuiic.o(i.MPU_IIC_Stop) for MPU_IIC_Stop
    mpu6050.o(i.MPU_Read_Len) refers to mpuiic.o(i.MPU_IIC_Read_Byte) for MPU_IIC_Read_Byte
    mpu6050.o(i.MPU_Set_Accel_Fsr) refers to mpu6050.o(i.MPU_Write_Byte) for MPU_Write_Byte
[...]
    gyro_orientation                         0x20000058   Data           9  inv_mpu.o(.data)
    .data                                    0x20000064   Section       16  hcsr04.o(.data)
    .data                                    0x20000074   Section       40  control.o(.data)
    .data                                    0x2000009c   Section        4  delay.o(.data)
    fac_us                                   0x2000009c   Data           1  delay.o(.data)
    fac_ms                                   0x2000009e   Data           2  delay.o(.data)
    .data                                    0x200000a0   Section        2  usart.o(.data)
    .data                                    0x200000a4   Section        4  usart.o(.data)
    .data                                    0x200000a8   Section       20  stm32f10x_rcc.o(.data)
    ADCPrescTable                            0x200000a8   Data           4  stm32f10x_rcc.o(.data)
    APBAHBPrescTable                         0x200000ac   Data          16  stm32f10x_rcc.o(.data)
    .bss                                     0x200000bc   Section       16  inv_mpu_dmp_motion_driver.o(.bss)
    dmp                                      0x200000bc   Data          16  inv_mpu_dmp_motion_driver.o(.bss)
    .bss                                     0x200000cc   Section      220  control.o(.bss)
    .bss                                     0x200001a8   Section      400  usart.o(.bss)
    .bss                                     0x20000338   Section       96  libspace.o(.bss)
    HEAP                                     0x20000398   Section      512  startup_stm32f10x_hd.o(HEAP)
    Heap_Mem                                 0x20000398   Data         512  startup_stm32f10x_hd.o(HEAP)
    STACK                                    0x20000598   Section     1024  startup_stm32f10x_hd.o(STACK)
    Stack_Mem                                0x20000598   Data        1024  startup_stm32f10x_hd.o(STACK)
    __initial_sp                             0x20000998   Data           0  startup_stm32f10x_hd.o(STACK)

    Global Symbols

    Symbol Name                              Value     Ov Type        Size  Object(Section)

    BuildAttributes$$THM_ISAv4$P$D$K$B$S$PE$A:L22UL41UL21$X:L11$S22US41US21$IEEE1$IW$USESV6$~STKCKD$USESV7$~SHL$OTIME$ROPI$IEEEX$EBA8$UX$STANDARDLIB$REQ8$PRES8$EABIv2 0x00000000   Number         0  anon$$obj.o ABSOLUTE
    __ARM_use_no_argv                        0x00000000   Number         0  main.o ABSOLUTE
    _printf_flags                            0x00000000   Number         0  printf_stubs.o ABSOLUTE
    _printf_return_value                     0x00000000   Number         0  printf_stubs.o ABSOLUTE
    _printf_sizespec                         0x00000000   Number         0  printf_stubs.o ABSOLUTE
    _printf_widthprec                        0x00000000   Number         0  printf_stubs.o ABSOLUTE
    __ARM_exceptions_init                     - Undefined Weak Reference
    __alloca_initialize                       - Undefined Weak Reference
    __arm_preinit_                            - Undefined Weak Reference
    __cpp_initialize__aeabi_                  - Undefined Weak Reference
    __cxa_finalize                            - Undefined Weak Reference
    __sigvec_lookup                           - Undefined Weak Reference
    _atexit_init                              - Undefined Weak Reference
    _call_atexit_fns                          - Undefined Weak Reference
    _clock_init                               - Undefined Weak Reference
    _fp_trap_init                             - Undefined Weak Reference
    _fp_trap_shutdown                         - Undefined Weak Reference
    _get_lc_collate                           - Undefined Weak Reference
    _get_lc_ctype                             - Undefined Weak Reference
    _get_lc_monetary                          - Undefined Weak Reference
    _get_lc_time                              - Undefined Weak Reference
    _getenv_init                              - Undefined Weak Reference
    _handle_redirection                       - Undefined Weak Reference
    _init_alloc                               - Undefined Weak Reference
    _init_user_alloc                          - Undefined Weak Reference
    _initio                                   - Undefined Weak Reference
    _mutex_acquire                            - Undefined Weak Reference
    _mutex_release                            - Undefined Weak Reference
    _printf_truncate_signed                   - Undefined Weak Reference
    _printf_truncate_unsigned                 - Undefined Weak Reference
    _rand_init                                - Undefined Weak Reference
    _signal_finish                            - Undefined Weak Reference
    _signal_init                              - Undefined Weak Reference
    _terminate_alloc                          - Undefined Weak Reference
    _terminate_user_alloc                     - Undefined Weak Reference
    _terminateio                              - Undefined Weak Reference
    __Vectors_Size                           0x00000130   Number         0  startup_stm32f10x_hd.o ABSOLUTE
    __Vectors                                0x08000000   Data           4  startup_stm32f10x_hd.o(RESET)
    __Vectors_End                            0x08000130   Data           0  startup_stm32f10x_hd.o(RESET)
    __main                                   0x08000131   Thumb Code     8  __main.o(!!!main)
    __scatterload                            0x08000139   Thumb Code     0  __scatter.o(!!!scatter)
    __scatterload_rt2                        0x08000139   Thumb Code    44  __scatter.o(!!!scatter)
    __scatterload_rt2_thumb_only             0x08000139   Thumb Code     0  __scatter.o(!!!scatter)
    __scatterload_null                       0x08000147   Thumb Code     0  __scatter.o(!!!scatter)
    __scatterload_copy                       0x0800016d   Thumb Code    26  __scatter_copy.o(!!handler_copy)
    __scatterload_zeroinit                   0x08000189   Thumb Code    28  __scatter_zi.o(!!handler_zi)
    _printf_f                                0x080001a5   Thumb Code     0  _printf_f.o(.ARM.Collect$$_printf_percent$$00000003)
    _printf_percent                          0x080001a5   Thumb Code     0  _printf_percent.o(.ARM.Collect$$_printf_percent$$00000000)
    _printf_d                                0x080001ab   Thumb Code     0  _printf_d.o(.ARM.Collect$$_printf_percent$$00000009)
    _printf_percent_end                      0x080001b1   Thumb Code     0  _printf_percent_end.o(.ARM.Collect$$_printf_percent$$00000017)
    __rt_lib_init                            0x080001b5   Thumb Code     0  libinit.o(.ARM.Collect$$libinit$$00000000)
    __rt_lib_init_fp_1                       0x080001b7   Thumb Code     0  libinit2.o(.ARM.Collect$$libinit$$00000002)
    __rt_lib_init_heap_1                     0x080001b7   Thumb Code     0  libinit2.o(.ARM.Collect$$libinit$$0000000A)
    __rt_lib_init_lc_common                  0x080001b7   Thumb Code     0  libinit2.o(.ARM.Collect$$libinit$$0000000F)
    __rt_lib_init_preinit_1                  0x080001b7   Thumb Code     0  libinit2.o(.ARM.Collect$$libinit$$00000004)
    __rt_lib_init_rand_1                     0x080001b7   Thumb Code     0  libinit2.o(.ARM.Collect$$libinit$$0000000E)
    __rt_lib_init_user_alloc_1               0x080001b7   Thumb Code     0  libinit2.o(.ARM.Collect$$libinit$$0000000C)
    __rt_lib_init_lc_collate_1               0x080001bd   Thumb Code     0  libinit2.o(.ARM.Collect$$libinit$$00000011)
    __rt_lib_init_lc_ctype_1                 0x080001bd   Thumb Code     0  libinit2.o(.ARM.Collect$$libinit$$00000013)
    __rt_lib_init_lc_monetary_1              0x080001bd   Thumb Code     0  libinit2.o(.ARM.Collect$$libinit$$00000015)
    __rt_lib_init_lc_numeric_2               0x080001bd   Thumb Code     0  libinit2.o(.ARM.Collect$$libinit$$00000016)
    __rt_lib_init_alloca_1                   0x080001c7   Thumb Code     0  libinit2.o(.ARM.Collect$$libinit$$0000002E)
    __rt_lib_init_argv_1                     0x080001c7   Thumb Code     0  libinit2.o(.ARM.Collect$$libinit$$0000002C)
    __rt_lib_init_atexit_1                   0x080001c7   Thumb Code     0  libinit2.o(.ARM.Collect$$libinit$$0000001B)
    __rt_lib_init_clock_1                    0x080001c7   Thumb Code     0  libinit2.o(.ARM.Collect$$libinit$$00000021)
    __rt_lib_init_cpp_1                      0x080001c7   Thumb Code     0  libinit2.o(.ARM.Collect$$libinit$$00000032)
    __rt_lib_init_exceptions_1               0x080001c7   Thumb Code     0  libinit2.o(.ARM.Collect$$libinit$$00000030)
    __rt_lib_init_fp_trap_1                  0x080001c7   Thumb Code     0  libinit2.o(.ARM.Collect$$libinit$$0000001F)
    __rt_lib_init_getenv_1                   0x080001c7   Thumb Code     0  libinit2.o(.ARM.Collect$$libinit$$00000023)
    __rt_lib_init_lc_numeric_1               0x080001c7   Thumb Code     0  libinit2.o(.ARM.Collect$$libinit$$00000017)
    __rt_lib_init_lc_time_1                  0x080001c7   Thumb Code     0  libinit2.o(.ARM.Collect$$libinit$$00000019)
    __rt_lib_init_return                     0x080001c7   Thumb Code     0  libinit2.o(.ARM.Collect$$libinit$$00000033)
    __rt_lib_init_signal_1                   0x080001c7   Thumb Code     0  libinit2.o(.ARM.Collect$$libinit$$0000001D)
    __rt_lib_init_stdio_1                    0x080001c7   Thumb Code     0  libinit2.o(.ARM.Collect$$libinit$$00000025)
    __rt_lib_shutdown                        0x080001c9   Thumb Code     0  libshutdown.o(.ARM.Collect$$libshutdown$$00000000)
    __rt_lib_shutdown_cpp_1                  0x080001cb   Thumb Code     0  libshutdown2.o(.ARM.Collect$$libshutdown$$00000002)
    __rt_lib_shutdown_fp_trap_1              0x080001cb   Thumb Code     0  libshutdown2.o(.ARM.Collect$$libshutdown$$00000007)
    __rt_lib_shutdown_heap_1                 0x080001cb   Thumb Code     0  libshutdown2.o(.ARM.Collect$$libshutdown$$0000000F)
    __rt_lib_shutdown_return                 0x080001cb   Thumb Code     0  libshutdown2.o(.ARM.Collect$$libshutdown$$00000010)
    __rt_lib_shutdown_signal_1               0x080001cb   Thumb Code     0  libshutdown2.o(.ARM.Collect$$libshutdown$$0000000A)
    __rt_lib_shutdown_stdio_1                0x080001cb   Thumb Code     0  libshutdown2.o(.ARM.Collect$$libshutdown$$00000004)
    __rt_lib_shutdown_user_alloc_1           0x080001cb   Thumb Code     0  libshutdown2.o(.ARM.Collect$$libshutdown$$0000000C)
    __rt_entry                               0x080001cd   Thumb Code     0  __rtentry.o(.ARM.Collect$$rtentry$$00000000)
    __rt_entry_presh_1                       0x080001cd   Thumb Code     0  __rtentry2.o(.ARM.Collect$$rtentry$$00000002)
    __rt_entry_sh                            0x080001cd   Thumb Code     0  __rtentry4.o(.ARM.Collect$$rtentry$$00000004)
    __rt_entry_li                            0x080001d3   Thumb Code     0  __rtentry2.o(.ARM.Collect$$rtentry$$0000000A)
    __rt_entry_postsh_1                      0x080001d3   Thumb Code     0  __rtentry2.o(.ARM.Collect$$rtentry$$00000009)
    __rt_entry_main                          0x080001d7   Thumb Code     0  __rtentry2.o(.ARM.Collect$$rtentry$$0000000D)
    __rt_entry_postli_1                      0x080001d7   Thumb Code     0  __rtentry2.o(.ARM.Collect$$rtentry$$0000000C)
    __rt_exit                                0x080001df   Thumb Code     0  rtexit.o(.ARM.Collect$$rtexit$$00000000)
    __rt_exit_ls                             0x080001e1   Thumb Code     0  rtexit2.o(.ARM.Collect$$rtexit$$00000003)
    __rt_exit_prels_1                        0x080001e1   Thumb Code     0  rtexit2.o(.ARM.Collect$$rtexit$$00000002)
    __rt_exit_exit                           0x080001e5   Thumb Code     0  rtexit2.o(.ARM.Collect$$rtexit$$00000004)
    Reset_Handler                            0x080001ed   Thumb Code     8  startup_stm32f10x_hd.o(.text)
    ADC1_2_IRQHandler                        0x08000207   Thumb Code     0  startup_stm32f10x_hd.o(.text)
    ADC3_IRQHandler                          0x08000207   Thumb Code     0  startup_stm32f10x_hd.o(.text)
    CAN1_RX1_IRQHandler                      0x08000207   Thumb Code     0  startup_stm32f10x_hd.o(.text)
    CAN1_SCE_IRQHandler                      0x08000207   Thumb Code     0  startup_stm32f10x_hd.o(.text)
    DMA1_Channel1_IRQHandler                 0x08000207   Thumb Code     0  startup_stm32f10x_hd.o(.text)
    DMA1_Channel2_IRQHandler                 0x08000207   Thumb Code     0  startup_stm32f10x_hd.o(.text)
    DMA1_Channel3_IRQHandler                 0x08000207   Thumb Code     0  startup_stm32f10x_hd.o(.text)
    DMA1_Channel4_IRQHandler                 0x08000207   Thumb Code     0  startup_stm32f10x_hd.o(.text)
    DMA1_Channel5_IRQHandler                 0x08000207   Thumb Code     0  startup_stm32f10x_hd.o(.text)
    DMA1_Channel6_IRQHandler                 0x08000207   Thumb Code     0  startup_stm32f10x_hd.o(.text)
    DMA1_Channel7_IRQHandler                 0x08000207   Thumb Code     0  startup_stm32f10x_hd.o(.text)
    DMA2_Channel1_IRQHandler                 0x08000207   Thumb Code     0  startup_stm32f10x_hd.o(.text)
    DMA2_Channel2_IRQHandler                 0x08000207   Thumb Code     0  startup_stm32f10x_hd.o(.text)
    DMA2_Channel3_IRQHandler                 0x08000207   Thumb Code     0  startup_stm32f10x_hd.o(.text)
    DMA2_Channel4_5_IRQHandler               0x08000207   Thumb Code     0  startup_stm32f10x_hd.o(.text)
    EXTI0_IRQHandler                         0x08000207   Thumb Code     0  startup_stm32f10x_hd.o(.text)
    EXTI15_10_IRQHandler                     0x08000207   Thumb Code     0  startup_stm32f10x_hd.o(.text)
    EXTI1_IRQHandler                         0x08000207   Thumb Code     0  startup_stm32f10x_hd.o(.text)
    EXTI2_IRQHandler                         0x08000207   Thumb Code     0  startup_stm32f10x_hd.o(.text)
    EXTI3_IRQHandler                         0x08000207   Thumb Code     0  startup_stm32f10x_hd.o(.text)
    EXTI4_IRQHandler                         0x08000207   Thumb Code     0  startup_stm32f10x_hd.o(.text)
    FLASH_IRQHandler                         0x08000207   Thumb Code     0  startup_stm32f10x_hd.o(.text)
    FSMC_IRQHandler                          0x08000207   Thumb Code     0  startup_stm32f10x_hd.o(.text)
    I2C1_ER_IRQHandler                       0x08000207   Thumb Code     0  startup_stm32f10x_hd.o(.text)
    I2C1_EV_IRQHandler                       0x08000207   Thumb Code     0  startup_stm32f10x_hd.o(.text)
    I2C2_ER_IRQHandler                       0x08000207   Thumb Code     0  startup_stm32f10x_hd.o(.text)
    I2C2_EV_IRQHandler                       0x08000207   Thumb Code     0  startup_stm32f10x_hd.o(.text)
    PVD_IRQHandler                           0x08000207   Thumb Code     0  startup_stm32f10x_hd.o(.text)
    RCC_IRQHandler                           0x08000207   Thumb Code     0  startup_stm32f10x_hd.o(.text)
    RTCAlarm_IRQHandler                      0x08000207   Thumb Code     0  startup_stm32f10x_hd.o(.text)
    RTC_IRQHandler                           0x08000207   Thumb Code     0  startup_stm32f10x_hd.o(.text)
    SDIO_IRQHandler                          0x08000207   Thumb Code     0  startup_stm32f10x_hd.o(.text)
    SPI1_IRQHandler                          0x08000207   Thumb Code     0  startup_stm32f10x_hd.o(.text)
    SPI2_IRQHandler                          0x08000207   Thumb Code     0  startup_stm32f10x_hd.o(.text)
    SPI3_IRQHandler                          0x08000207   Thumb Code     0  startup_stm32f10x_hd.o(.text)
    TAMPER_IRQHandler                        0x08000207   Thumb Code     0  startup_stm32f10x_hd.o(.text)
    TIM1_BRK_IRQHandler                      0x08000207   Thumb Code     0  startup_stm32f10x_hd.o(.text)
    TIM1_CC_IRQHandler                       0x08000207   Thumb Code     0  startup_stm32f10x_hd.o(.text)
    TIM1_TRG_COM_IRQHandler                  0x08000207   Thumb Code     0  startup_stm32f10x_hd.o(.text)
    TIM1_UP_IRQHandler                       0x08000207   Thumb Code     0  startup_stm32f10x_hd.o(.text)
    TIM2_IRQHandler                          0x08000207   Thumb Code     0  startup_stm32f10x_hd.o(.text)
    TIM3_IRQHandler                          0x08000207   Thumb Code     0  startup_stm32f10x_hd.o(.text)
    TIM4_IRQHandler                          0x08000207   Thumb Code     0  startup_stm32f10x_hd.o(.text)
    TIM5_IRQHandler                          0x08000207   Thumb Code     0  startup_stm32f10x_hd.o(.text)
    TIM8_BRK_IRQHandler                      0x08000207   Thumb Code     0  startup_stm32f10x_hd.o(.text)
    TIM8_CC_IRQHandler                       0x08000207   Thumb Code     0  startup_stm32f10x_hd.o(.text)
    TIM8_TRG_COM_IRQHandler                  0x08000207   Thumb Code     0  startup_stm32f10x_hd.o(.text)
    TIM8_UP_IRQHandler                       0x08000207   Thumb Code     0  startup_stm32f10x_hd.o(.text)
    UART4_IRQHandler                         0x08000207   Thumb Code     0  startup_stm32f10x_hd.o(.text)
    UART5_IRQHandler                         0x08000207   Thumb Code     0  startup_stm32f10x_hd.o(.text)
    USART2_IRQHandler                        0x08000207   Thumb Code     0  startup_stm32f10x_hd.o(.text)
    USBWakeUp_IRQHandler                     0x08000207   Thumb Code     0  startup_stm32f10x_hd.o(.text)
    USB_HP_CAN1_TX_IRQHandler                0x08000207   Thumb Code     0  startup_stm32f10x_hd.o(.text)
    USB_LP_CAN1_RX0_IRQHandler               0x08000207   Thumb Code     0  startup_stm32f10x_hd.o(.text)
    WWDG_IRQHandler                          0x08000207   Thumb Code     0  startup_stm32f10x_hd.o(.text)
    __user_initial_stackheap                 0x08000209   Thumb Code     0  startup_stm32f10x_hd.o(.text)
    __use_no_semihosting                     0x0800022d   Thumb Code     2  use_no_semi_2.o(.text)
    __aeabi_ldivmod                          0x0800022f   Thumb Code     0  llsdiv.o(.text)
    _ll_sdiv                                 0x0800022f   Thumb Code    72  llsdiv.o(.text)
    __2printf                                0x08000279   Thumb Code    20  noretval__2printf.o(.text)
    _printf_int_dec                          0x08000291   Thumb Code   104  _printf_dec.o(.text)
    __printf                                 0x08000309   Thumb Code   308  __printf_flags_wp.o(.text)
    memcmp                                   0x08000441   Thumb Code    88  memcmp.o(.text)
    __aeabi_memset                           0x08000499   Thumb Code    16  aeabi_memset.o(.text)
    __use_two_region_memory                  0x080004a9   Thumb Code     2  heapauxi.o(.text)
    __rt_heap_escrow$2region                 0x080004ab   Thumb Code     2  heapauxi.o(.text)
    __rt_heap_expand$2region                 0x080004ad   Thumb Code     2  heapauxi.o(.text)
    __I$use$semihosting                      0x080004af   Thumb Code     0  use_no_semi.o(.text)
    __use_no_semihosting_swi                 0x080004af   Thumb Code     2  use_no_semi.o(.text)
    __aeabi_uldivmod                         0x080004b1   Thumb Code     0  lludivv7m.o(.text)
    _ll_udiv                                 0x080004b1   Thumb Code   238  lludivv7m.o(.text)
    __read_errno                             0x0800059f   Thumb Code    10  _rserrno.o(.text)
    __set_errno                              0x080005a9   Thumb Code    12  _rserrno.o(.text)
    _printf_int_common                       0x080005b5   Thumb Code   178  _printf_intcommon.o(.text)
    __lib_sel_fp_printf                      0x08000667   Thumb Code     2  _printf_fp_dec.o(.text)
    _printf_fp_dec_real                      0x08000815   Thumb Code   620  _printf_fp_dec.o(.text)
    _printf_char_file                        0x08000a81   Thumb Code    32  _printf_char_file.o(.text)
    __aeabi_memclr                           0x08000aa5   Thumb Code     0  rt_memclr.o(.text)
    __rt_memclr                              0x08000aa5   Thumb Code    68  rt_memclr.o(.text)
    _memset                                  0x08000aa9   Thumb Code     0  rt_memclr.o(.text)
    __rt_locale                              0x08000ae9   Thumb Code     8  rt_locale_intlibspace.o(.text)
    __aeabi_errno_addr                       0x08000af1   Thumb Code     8  rt_errno_addr_intlibspace.o(.text)
    __errno$intlibspace                      0x08000af1   Thumb Code     0  rt_errno_addr_intlibspace.o(.text)
    __rt_errno_addr$intlibspace              0x08000af1   Thumb Code     0  rt_errno_addr_intlibspace.o(.text)
    _ll_udiv10                               0x08000af9   Thumb Code   138  lludiv10.o(.text)
    _printf_char_common                      0x08000b8f   Thumb Code    32  _printf_char_common.o(.text)
    _printf_fp_infnan                        0x08000bb5   Thumb Code   112  _printf_fp_infnan.o(.text)
    _btod_etento                             0x08000c35   Thumb Code   216  bigflt0.o(.text)
    ferror                                   0x08000d11   Thumb Code     8  ferror.o(.text)
    __aeabi_memclr4                          0x08000d19   Thumb Code     0  rt_memclr_w.o(.text)
    __aeabi_memclr8                          0x08000d19   Thumb Code     0  rt_memclr_w.o(.text)
    __rt_memclr_w                            0x08000d19   Thumb Code    78  rt_memclr_w.o(.text)
    _memset_w                                0x08000d1d   Thumb Code     0  rt_memclr_w.o(.text)
    __user_libspace                          0x08000d69   Thumb Code     8  libspace.o(.text)
    __user_perproc_libspace                  0x08000d69   Thumb Code     0  libspace.o(.text)
    __user_perthread_libspace                0x08000d69   Thumb Code     0  libspace.o(.text)
    __user_setup_stackheap                   0x08000d71   Thumb Code    74  sys_stackheap_outer.o(.text)
    exit                                     0x08000dbb   Thumb Code    18  exit.o(.text)
    strcmp                                   0x08000dcd   Thumb Code   128  strcmpv7m.o(.text)
    _btod_d2e                                0x08000e4d   Thumb Code    62  btod.o(CL$$btod_d2e)
    _d2e_denorm_low                          0x08000e8b   Thumb Code    70  btod.o(CL$$btod_d2e_denorm_low)
    _d2e_norm_op1                            0x08000ed1   Thumb Code    96  btod.o(CL$$btod_d2e_norm_op1)
    __btod_div_common                        0x08000f31   Thumb Code   696  btod.o(CL$$btod_div_common)
    _e2e                                     0x08001269   Thumb Code   198  btod.o(CL$$btod_e2e)
    _btod_ediv                               0x0800132f   Thumb Code    40  btod.o(CL$$btod_ediv)
    _btod_emul                               0x08001357   Thumb Code    40  btod.o(CL$$btod_emul)
    __btod_mult_common                       0x0800137f   Thumb Code   580  btod.o(CL$$btod_mult_common)
    BusFault_Handler                         0x080015c3   Thumb Code     2  stm32f10x_it.o(i.BusFault_Handler)
    C5_C12_init                              0x080015c5   Thumb Code    40  control.o(i.C5_C12_init)
    Control                                  0x080015f1   Thumb Code    36  control.o(i.Control)
    Control_init                             0x08001619   Thumb Code    64  control.o(i.Control_init)
    DebugMon_Handler                         0x08001661   Thumb Code     2  stm32f10x_it.o(i.DebugMon_Handler)
    EXTI9_5_IRQHandler                       0x08001665   Thumb Code   178  hcsr04.o(i.EXTI9_5_IRQHandler)
    EXTI_ClearITPendingBit                   0x08001761   Thumb Code     6  stm32f10x_exti.o(i.EXTI_ClearITPendingBit)
    EXTI_GetITStatus                         0x0800176d   Thumb Code    28  stm32f10x_exti.o(i.EXTI_GetITStatus)
    Encoder_Init                             0x0800178d   Thumb Code   338  encoder.o(i.Encoder_Init)
    GPIO_Init                                0x080018fd   Thumb Code   156  stm32f10x_gpio.o(i.GPIO_Init)
    GPIO_PinRemapConfig                      0x08001999   Thumb Code    82  stm32f10x_gpio.o(i.GPIO_PinRemapConfig)
    GPIO_ResetBits                           0x080019f1   Thumb Code     4  stm32f10x_gpio.o(i.GPIO_ResetBits)
    GPIO_SetBits                             0x080019f5   Thumb Code     4  stm32f10x_gpio.o(i.GPIO_SetBits)
    Get_speed                                0x080019f9   Thumb Code    40  control.o(i.Get_speed)
    HardFault_Handler                        0x08001a25   Thumb Code     2  stm32f10x_it.o(i.HardFault_Handler)
    Left_Behind_Motor_Back                   0x08001a29   Thumb Code    24  control.o(i.Left_Behind_Motor_Back)
    Left_Behind_Motor_Go                     0x08001a45   Thumb Code    24  control.o(i.Left_Behind_Motor_Go)
    Left_Forward_Motor_Back                  0x08001a61   Thumb Code    26  control.o(i.Left_Forward_Motor_Back)
    Left_Forward_Motor_Go                    0x08001a81   Thumb Code    26  control.o(i.Left_Forward_Motor_Go)
    MPU_Get_Accelerometer                    0x08001aa1   Thumb Code    50  mpu6050.o(i.MPU_Get_Accelerometer)
    MPU_Get_Gyroscope                        0x08001ad3   Thumb Code    50  mpu6050.o(i.MPU_Get_Gyroscope)
    MPU_IIC_Ack                              0x08001b05   Thumb Code    56  mpuiic.o(i.MPU_IIC_Ack)
    MPU_IIC_Init                             0x08001b45   Thumb Code    46  mpuiic.o(i.MPU_IIC_Init)
    MPU_IIC_NAck                             0x08001b79   Thumb Code    56  mpuiic.o(i.MPU_IIC_NAck)
    MPU_IIC_Read_Byte                        0x08001bb9   Thumb Code   100  mpuiic.o(i.MPU_IIC_Read_Byte)
    MPU_IIC_Send_Byte                        0x08001c25   Thumb Code    80  mpuiic.o(i.MPU_IIC_Send_Byte)
    MPU_IIC_Start                            0x08001c7d   Thumb Code    56  mpuiic.o(i.MPU_IIC_Start)
    MPU_IIC_Stop                             0x08001cbd   Thumb Code    58  mpuiic.o(i.MPU_IIC_Stop)
    MPU_IIC_Wait_Ack                         0x08001d01   Thumb Code    78  mpuiic.o(i.MPU_IIC_Wait_Ack)
    MPU_Init                                 0x08001d59   Thumb Code   118  mpu6050.o(i.MPU_Init)
    MPU_Read_Byte                            0x08001dcf   Thumb Code    58  mpu6050.o(i.MPU_Read_Byte)
    MPU_Read_Len                             0x08001e09   Thumb Code   106  mpu6050.o(i.MPU_Read_Len)
    MPU_Set_Accel_Fsr                        0x08001e73   Thumb Code    10  mpu6050.o(i.MPU_Set_Accel_Fsr)
    MPU_Set_Gyro_Fsr                         0x08001e7d   Thumb Code    10  mpu6050.o(i.MPU_Set_Gyro_Fsr)
    MPU_Set_LPF                              0x08001e87   Thumb Code    48  mpu6050.o(i.MPU_Set_LPF)
    MPU_Set_Rate                             0x08001eb7   Thumb Code    46  mpu6050.o(i.MPU_Set_Rate)
    MPU_Write_Byte                           0x08001ee5   Thumb Code    60  mpu6050.o(i.MPU_Write_Byte)
    MPU_Write_Len                            0x08001f21   Thumb Code    82  mpu6050.o(i.MPU_Write_Len)
    MemManage_Handler                        0x08001f73   Thumb Code     2  stm32f10x_it.o(i.MemManage_Handler)
    Motor_Out                                0x08001f75   Thumb Code   118  control.o(i.Motor_Out)
    NMI_Handler                              0x08001feb   Thumb Code     2  stm32f10x_it.o(i.NMI_Handler)
    NVIC_Init                                0x08001fed   Thumb Code    94  misc.o(i.NVIC_Init)
    NVIC_PriorityGroupConfig                 0x08002051   Thumb Code    10  misc.o(i.NVIC_PriorityGroupConfig)
    PendSV_Handler                           0x08002065   Thumb Code     2  stm32f10x_it.o(i.PendSV_Handler)
    RCC_APB1PeriphClockCmd                   0x08002069   Thumb Code    18  stm32f10x_rcc.o(i.RCC_APB1PeriphClockCmd)
    RCC_APB2PeriphClockCmd                   0x08002081   Thumb Code    18  stm32f10x_rcc.o(i.RCC_APB2PeriphClockCmd)
    RCC_GetClocksFreq                        0x08002099   Thumb Code   132  stm32f10x_rcc.o(i.RCC_GetClocksFreq)
    Read_Encoder                             0x0800212d   Thumb Code    52  encoder.o(i.Read_Encoder)
    Right_Behind_Motor_Back                  0x0800216d   Thumb Code    24  control.o(i.Right_Behind_Motor_Back)
    Right_Behind_Motor_Go                    0x08002189   Thumb Code    24  control.o(i.Right_Behind_Motor_Go)
    Right_Forward_Motor_Back                 0x080021a5   Thumb Code    26  control.o(i.Right_Forward_Motor_Back)
    Right_Forward_Motor_Go                   0x080021c5   Thumb Code    26  control.o(i.Right_Forward_Motor_Go)
    SVC_Handler                              0x080021e5   Thumb Code     2  stm32f10x_it.o(i.SVC_Handler)
    Speedcontrol_LB                          0x08002291   Thumb Code   142  control.o(i.Speedcontrol_LB)
    SysTick_CLKSourceConfig                  0x08002329   Thumb Code    24  misc.o(i.SysTick_CLKSourceConfig)
    SysTick_Handler                          0x08002341   Thumb Code     2  stm32f10x_it.o(i.SysTick_Handler)
    SystemInit                               0x08002345   Thumb Code    64  system_stm32f10x.o(i.SystemInit)
    TIM1_PWM_Init                            0x0800247d   Thumb Code   192  timer1.o(i.TIM1_PWM_Init)
    TIM1_PWM_Set                             0x08002545   Thumb Code    44  timer1.o(i.TIM1_PWM_Set)
    TIM6_IRQHandler                          0x08002575   Thumb Code    38  hcsr04.o(i.TIM6_IRQHandler)
    TIM7_IRQHandler                          0x080025a5   Thumb Code    34  timer7.o(i.TIM7_IRQHandler)
    TIM7_Init                                0x080025cd   Thumb Code    90  timer7.o(i.TIM7_Init)
    TIM_ARRPreloadConfig                     0x0800262d   Thumb Code    20  stm32f10x_tim.o(i.TIM_ARRPreloadConfig)
    TIM_ClearITPendingBit                    0x08002641   Thumb Code     6  stm32f10x_tim.o(i.TIM_ClearITPendingBit)
    TIM_Cmd                                  0x08002647   Thumb Code    20  stm32f10x_tim.o(i.TIM_Cmd)
    TIM_CtrlPWMOutputs                       0x0800265b   Thumb Code    22  stm32f10x_tim.o(i.TIM_CtrlPWMOutputs)
    TIM_EncoderInterfaceConfig               0x08002671   Thumb Code    50  stm32f10x_tim.o(i.TIM_EncoderInterfaceConfig)
    TIM_GetCounter                           0x080026a3   Thumb Code     4  stm32f10x_tim.o(i.TIM_GetCounter)
    TIM_GetITStatus                          0x080026a7   Thumb Code    24  stm32f10x_tim.o(i.TIM_GetITStatus)
    TIM_ICInit                               0x080026c1   Thumb Code   278  stm32f10x_tim.o(i.TIM_ICInit)
    TIM_ITConfig                             0x080027ed   Thumb Code    16  stm32f10x_tim.o(i.TIM_ITConfig)
    TIM_OC1Init                              0x080027fd   Thumb Code   106  stm32f10x_tim.o(i.TIM_OC1Init)
    TIM_OC2Init                              0x0800287d   Thumb Code   120  stm32f10x_tim.o(i.TIM_OC2Init)
    TIM_OC3Init                              0x080028fd   Thumb Code   116  stm32f10x_tim.o(i.TIM_OC3Init)
    TIM_OC4Init                              0x08002979   Thumb Code    90  stm32f10x_tim.o(i.TIM_OC4Init)
    TIM_SetCompare1                          0x080029dd   Thumb Code     4  stm32f10x_tim.o(i.TIM_SetCompare1)
    TIM_SetCompare2                          0x080029e1   Thumb Code     4  stm32f10x_tim.o(i.TIM_SetCompare2)
    TIM_SetCompare3                          0x080029e5   Thumb Code     4  stm32f10x_tim.o(i.TIM_SetCompare3)
    TIM_SetCompare4                          0x080029e9   Thumb Code     6  stm32f10x_tim.o(i.TIM_SetCompare4)
    TIM_SetIC1Prescaler                      0x080029ef   Thumb Code    16  stm32f10x_tim.o(i.TIM_SetIC1Prescaler)
    TIM_SetIC2Prescaler                      0x080029ff   Thumb Code    24  stm32f10x_tim.o(i.TIM_SetIC2Prescaler)
    TIM_SetIC3Prescaler                      0x08002a17   Thumb Code    16  stm32f10x_tim.o(i.TIM_SetIC3Prescaler)
    TIM_SetIC4Prescaler                      0x08002a27   Thumb Code    24  stm32f10x_tim.o(i.TIM_SetIC4Prescaler)
    TIM_TimeBaseInit                         0x08002a41   Thumb Code   114  stm32f10x_tim.o(i.TIM_TimeBaseInit)
    USART1_IRQHandler                        0x08002add   Thumb Code    88  usart.o(i.USART1_IRQHandler)
    USART3_IRQHandler                        0x08002b41   Thumb Code    88  usart.o(i.USART3_IRQHandler)
    USART_Cmd                                0x08002ba5   Thumb Code    20  stm32f10x_usart.o(i.USART_Cmd)
    USART_GetITStatus                        0x08002bb9   Thumb Code    62  stm32f10x_usart.o(i.USART_GetITStatus)
    USART_ITConfig                           0x08002bf7   Thumb Code    48  stm32f10x_usart.o(i.USART_ITConfig)
    USART_Init                               0x08002c29   Thumb Code   166  stm32f10x_usart.o(i.USART_Init)
    USART_ReceiveData                        0x08002cd5   Thumb Code     8  stm32f10x_usart.o(i.USART_ReceiveData)
    UsageFault_Handler                       0x08002cdd   Thumb Code     2  stm32f10x_it.o(i.UsageFault_Handler)
    __ARM_fpclassify                         0x08002cdf   Thumb Code    40  fpclassify.o(i.__ARM_fpclassify)
    __kernel_poly                            0x08002d07   Thumb Code   170  poly.o(i.__kernel_poly)
    __mathlib_dbl_infnan                     0x08002db1   Thumb Code     6  dunder.o(i.__mathlib_dbl_infnan)
    __mathlib_dbl_infnan2                    0x08002db7   Thumb Code     4  dunder.o(i.__mathlib_dbl_infnan2)
    __mathlib_dbl_invalid                    0x08002dbb   Thumb Code    12  dunder.o(i.__mathlib_dbl_invalid)
    __mathlib_dbl_underflow                  0x08002dc9   Thumb Code    10  dunder.o(i.__mathlib_dbl_underflow)
    _is_digit                                0x08002dd9   Thumb Code    14  __printf_wp.o(i._is_digit)
    _sys_exit                                0x08002de7   Thumb Code     2  usart.o(i._sys_exit)
    asin                                     0x08002e65   Thumb Code   572  asin.o(i.asin)
    atan                                     0x080030d5   Thumb Code   474  atan.o(i.atan)
    atan2                                    0x080032f5   Thumb Code   346  atan2.o(i.atan2)
    delay_init                               0x08003475   Thumb Code    46  delay.o(i.delay_init)
    delay_ms                                 0x080034b1   Thumb Code    46  delay.o(i.delay_ms)
    delay_us                                 0x080034e5   Thumb Code    46  delay.o(i.delay_us)
    dmp_enable_6x_lp_quat                    0x08003519   Thumb Code    58  inv_mpu_dmp_motion_driver.o(i.dmp_enable_6x_lp_quat)
    dmp_enable_feature                       0x08003555   Thumb Code   468  inv_mpu_dmp_motion_driver.o(i.dmp_enable_feature)
    dmp_enable_gyro_cal                      0x08003731   Thumb Code    32  inv_mpu_dmp_motion_driver.o(i.dmp_enable_gyro_cal)
    dmp_enable_lp_quat                       0x08003769   Thumb Code    58  inv_mpu_dmp_motion_driver.o(i.dmp_enable_lp_quat)
    dmp_load_motion_driver_firmware          0x080037a5   Thumb Code    16  inv_mpu_dmp_motion_driver.o(i.dmp_load_motion_driver_firmware)
    dmp_read_fifo                            0x080037b9   Thumb Code   324  inv_mpu_dmp_motion_driver.o(i.dmp_read_fifo)
    dmp_set_accel_bias                       0x08003901   Thumb Code   210  inv_mpu_dmp_motion_driver.o(i.dmp_set_accel_bias)
    dmp_set_fifo_rate                        0x080039d9   Thumb Code    82  inv_mpu_dmp_motion_driver.o(i.dmp_set_fifo_rate)
    dmp_set_gyro_bias                        0x08003a3d   Thumb Code   196  inv_mpu_dmp_motion_driver.o(i.dmp_set_gyro_bias)
    dmp_set_orientation                      0x08003b09   Thumb Code   246  inv_mpu_dmp_motion_driver.o(i.dmp_set_orientation)
    dmp_set_shake_reject_thresh              0x08003c15   Thumb Code    48  inv_mpu_dmp_motion_driver.o(i.dmp_set_shake_reject_thresh)
    dmp_set_shake_reject_time                0x08003c45   Thumb Code    32  inv_mpu_dmp_motion_driver.o(i.dmp_set_shake_reject_time)
    dmp_set_shake_reject_timeout             0x08003c65   Thumb Code    32  inv_mpu_dmp_motion_driver.o(i.dmp_set_shake_reject_timeout)
    dmp_set_tap_axes                         0x08003c85   Thumb Code    64  inv_mpu_dmp_motion_driver.o(i.dmp_set_tap_axes)
    dmp_set_tap_count                        0x08003cc5   Thumb Code    34  inv_mpu_dmp_motion_driver.o(i.dmp_set_tap_count)
    dmp_set_tap_thresh                       0x08003ce9   Thumb Code   274  inv_mpu_dmp_motion_driver.o(i.dmp_set_tap_thresh)
    dmp_set_tap_time                         0x08003e11   Thumb Code    32  inv_mpu_dmp_motion_driver.o(i.dmp_set_tap_time)
    dmp_set_tap_time_multi                   0x08003e31   Thumb Code    32  inv_mpu_dmp_motion_driver.o(i.dmp_set_tap_time_multi)
    fputc                                    0x08003e51   Thumb Code    18  usart.o(i.fputc)
    inv_orientation_matrix_to_scalar         0x080042fd   Thumb Code    34  inv_mpu.o(i.inv_orientation_matrix_to_scalar)
    inv_row_2_scale                          0x0800431f   Thumb Code    72  inv_mpu.o(i.inv_row_2_scale)
    main                                     0x08004369   Thumb Code   118  main.o(i.main)
    mget_ms                                  0x080043f9   Thumb Code     2  inv_mpu.o(i.mget_ms)
    mpu_configure_fifo                       0x080043fd   Thumb Code    84  inv_mpu.o(i.mpu_configure_fifo)
    mpu_dmp_get_data                         0x08004455   Thumb Code   408  inv_mpu.o(i.mpu_dmp_get_data)
    mpu_dmp_init                             0x080045f1   Thumb Code   158  inv_mpu.o(i.mpu_dmp_init)
    mpu_get_accel_fsr                        0x08004695   Thumb Code    54  inv_mpu.o(i.mpu_get_accel_fsr)
    mpu_get_accel_sens                       0x080046d1   Thumb Code    62  inv_mpu.o(i.mpu_get_accel_sens)
    mpu_get_gyro_fsr                         0x08004715   Thumb Code    48  inv_mpu.o(i.mpu_get_gyro_fsr)
    mpu_get_gyro_sens                        0x08004749   Thumb Code    44  inv_mpu.o(i.mpu_get_gyro_sens)
    mpu_get_lpf                              0x08004789   Thumb Code    52  inv_mpu.o(i.mpu_get_lpf)
    mpu_get_sample_rate                      0x080047c1   Thumb Code    22  inv_mpu.o(i.mpu_get_sample_rate)
    mpu_init                                 0x080047dd   Thumb Code   310  inv_mpu.o(i.mpu_init)
    mpu_load_firmware                        0x08004965   Thumb Code   158  inv_mpu.o(i.mpu_load_firmware)
    mpu_lp_accel_mode                        0x08004a09   Thumb Code   178  inv_mpu.o(i.mpu_lp_accel_mode)
    mpu_read_fifo_stream                     0x08004ac1   Thumb Code   140  inv_mpu.o(i.mpu_read_fifo_stream)
    mpu_read_mem                             0x08004b51   Thumb Code    80  inv_mpu.o(i.mpu_read_mem)
    mpu_reset_fifo                           0x08004ba5   Thumb Code   344  inv_mpu.o(i.mpu_reset_fifo)
    mpu_run_self_test                        0x08004d01   Thumb Code   234  inv_mpu.o(i.mpu_run_self_test)
    mpu_set_accel_fsr                        0x08004df1   Thumb Code    98  inv_mpu.o(i.mpu_set_accel_fsr)
    mpu_set_bypass                           0x08004e59   Thumb Code   214  inv_mpu.o(i.mpu_set_bypass)
    mpu_set_dmp_state                        0x08004f35   Thumb Code   114  inv_mpu.o(i.mpu_set_dmp_state)
    mpu_set_gyro_fsr                         0x08004fad   Thumb Code   104  inv_mpu.o(i.mpu_set_gyro_fsr)
    mpu_set_int_latched                      0x08005019   Thumb Code    94  inv_mpu.o(i.mpu_set_int_latched)
    mpu_set_lpf                              0x0800507d   Thumb Code   102  inv_mpu.o(i.mpu_set_lpf)
    mpu_set_sample_rate                      0x080050e9   Thumb Code   116  inv_mpu.o(i.mpu_set_sample_rate)
    mpu_set_sensors                          0x08005161   Thumb Code   178  inv_mpu.o(i.mpu_set_sensors)
    mpu_write_mem                            0x08005219   Thumb Code    80  inv_mpu.o(i.mpu_write_mem)
    run_self_test                            0x0800526d   Thumb Code   128  inv_mpu.o(i.run_self_test)
    sqrt                                     0x08005341   Thumb Code    76  sqrt.o(i.sqrt)
    uart3_init                               0x0800538d   Thumb Code   158  usart.o(i.uart3_init)
    vofa_printmpu6050                        0x08005435   Thumb Code    22  vofa.o(i.vofa_printmpu6050)
    _get_lc_numeric                          0x08005459   Thumb Code    44  lc_numeric_c.o(locale$$code)
    __aeabi_d2f                              0x08005485   Thumb Code     0  d2f.o(x$fpl$d2f)
    _d2f                                     0x08005485   Thumb Code    98  d2f.o(x$fpl$d2f)
    __aeabi_dadd                             0x080054e9   Thumb Code     0  daddsub_clz.o(x$fpl$dadd)
    _dadd                                    0x080054e9   Thumb Code   332  daddsub_clz.o(x$fpl$dadd)
    __fpl_dcheck_NaN1                        0x08005639   Thumb Code    10  dcheck1.o(x$fpl$dcheck1)
    __aeabi_ddiv                             0x08005649   Thumb Code     0  ddiv.o(x$fpl$ddiv)
    _ddiv                                    0x08005649   Thumb Code   552  ddiv.o(x$fpl$ddiv)
    __aeabi_i2d                              0x080058f9   Thumb Code     0  dflt_clz.o(x$fpl$dflt)
    _dflt                                    0x080058f9   Thumb Code    46  dflt_clz.o(x$fpl$dflt)
    __aeabi_ui2d                             0x08005927   Thumb Code     0  dflt_clz.o(x$fpl$dfltu)
    _dfltu                                   0x08005927   Thumb Code    38  dflt_clz.o(x$fpl$dfltu)
    __aeabi_dmul                             0x0800594d   Thumb Code     0  dmul.o(x$fpl$dmul)
    _dmul                                    0x0800594d   Thumb Code   332  dmul.o(x$fpl$dmul)
    __fpl_dnaninf                            0x08005aa1   Thumb Code   156  dnaninf.o(x$fpl$dnaninf)
    __fpl_dretinf                            0x08005b3d   Thumb Code    12  dretinf.o(x$fpl$dretinf)
    __aeabi_drsub                            0x08005b49   Thumb Code     0  daddsub_clz.o(x$fpl$drsb)
    _drsb                                    0x08005b49   Thumb Code    22  daddsub_clz.o(x$fpl$drsb)
    _dsqrt                                   0x08005b61   Thumb Code   456  dsqrt_noumaal.o(x$fpl$dsqrt)
    __aeabi_dsub                             0x08005d2d   Thumb Code     0  daddsub_clz.o(x$fpl$dsub)
    _dsub                                    0x08005d2d   Thumb Code   464  daddsub_clz.o(x$fpl$dsub)
    __aeabi_f2d                              0x08005f01   Thumb Code     0  f2d.o(x$fpl$f2d)
    _f2d                                     0x08005f01   Thumb Code    86  f2d.o(x$fpl$f2d)
    __aeabi_fadd                             0x08005f59   Thumb Code     0  faddsub_clz.o(x$fpl$fadd)
    _fadd                                    0x08005f59   Thumb Code   196  faddsub_clz.o(x$fpl$fadd)
    __fpl_fcheck_NaN1                        0x0800601d   Thumb Code     6  fcheck1.o(x$fpl$fcheck1)
    __aeabi_fdiv                             0x08006029   Thumb Code     0  fdiv.o(x$fpl$fdiv)
    _fdiv                                    0x08006029   Thumb Code   384  fdiv.o(x$fpl$fdiv)
    __aeabi_f2iz                             0x080061ad   Thumb Code     0  ffix.o(x$fpl$ffix)
    _ffix                                    0x080061ad   Thumb Code    54  ffix.o(x$fpl$ffix)
    __aeabi_f2uiz                            0x080061e5   Thumb Code     0  ffixu.o(x$fpl$ffixu)
    _ffixu                                   0x080061e5   Thumb Code    62  ffixu.o(x$fpl$ffixu)
    __aeabi_i2f                              0x08006225   Thumb Code     0  fflt_clz.o(x$fpl$fflt)
    _fflt                                    0x08006225   Thumb Code    48  fflt_clz.o(x$fpl$fflt)
    __aeabi_ui2f                             0x08006255   Thumb Code     0  fflt_clz.o(x$fpl$ffltu)
    _ffltu                                   0x08006255   Thumb Code    38  fflt_clz.o(x$fpl$ffltu)
    __aeabi_fmul                             0x0800627d   Thumb Code     0  fmul.o(x$fpl$fmul)
    _fmul                                    0x0800627d   Thumb Code   258  fmul.o(x$fpl$fmul)
    __fpl_fnaninf                            0x0800637f   Thumb Code   140  fnaninf.o(x$fpl$fnaninf)
    __fpl_fretinf                            0x0800640b   Thumb Code    10  fretinf.o(x$fpl$fretinf)
    __aeabi_frsub                            0x08006415   Thumb Code     0  faddsub_clz.o(x$fpl$frsb)
    _frsb                                    0x08006415   Thumb Code    20  faddsub_clz.o(x$fpl$frsb)
    __aeabi_fsub                             0x08006429   Thumb Code     0  faddsub_clz.o(x$fpl$fsub)
    _fsub                                    0x08006429   Thumb Code   234  faddsub_clz.o(x$fpl$fsub)
    _printf_fp_dec                           0x08006513   Thumb Code     4  printf1.o(x$fpl$printf1)
    __fpl_return_NaN                         0x08006517   Thumb Code   100  retnan.o(x$fpl$retnan)
    __ARM_scalbn                             0x0800657b   Thumb Code    92  scalbn.o(x$fpl$scalbn)
    __ARM_scalbnf                            0x080065d7   Thumb Code    76  scalbnf.o(x$fpl$scalbnf)
    __fpl_cmpreturn                          0x08006623   Thumb Code    48  trapv.o(x$fpl$trapveneer)
    __I$use$fp                               0x08006652   Number         0  usenofp.o(x$fpl$usenofp)
    reg                                      0x08006652   Data          27  inv_mpu.o(.constdata)
    hw                                       0x0800666e   Data          12  inv_mpu.o(.constdata)
    test                                     0x0800667c   Data          40  inv_mpu.o(.constdata)
    __mathlib_zero                           0x08007398   Data           8  qnan.o(.constdata)
    Region$$Table$$Base                      0x08007484   Number         0  anon$$obj.o(Region$$Table)
    Region$$Table$$Limit                     0x080074a4   Number         0  anon$$obj.o(Region$$Table)
    SystemCoreClock                          0x20000018   Data           4  system_stm32f10x.o(.data)
    AHBPrescTable                            0x2000001c   Data          16  system_stm32f10x.o(.data)
    cont                                     0x20000064   Data           4  hcsr04.o(.data)
    n                                        0x20000068   Data           4  hcsr04.o(.data)
    time                                     0x2000006c   Data           4  hcsr04.o(.data)
    lengthTemp                               0x20000070   Data           4  hcsr04.o(.data)
    M_LF                                     0x20000074   Data           2  control.o(.data)
    M_LB                                     0x20000076   Data           2  control.o(.data)
    M_RF                                     0x20000078   Data           2  control.o(.data)
    M_RB                                     0x2000007a   Data           2  control.o(.data)
    Point_LF                                 0x2000007c   Data           4  control.o(.data)
    Point_LB                                 0x20000080   Data           4  control.o(.data)
    Point_RF                                 0x20000084   Data           4  control.o(.data)
    Point_RB                                 0x20000088   Data           4  control.o(.data)
    Car_Speed_out_LF                         0x2000008c   Data           4  control.o(.data)
    Car_Speed_out_LB                         0x20000090   Data           4  control.o(.data)
    Car_Speed_out_RF                         0x20000094   Data           4  control.o(.data)
    Car_Speed_out_RB                         0x20000098   Data           4  control.o(.data)
    USART_RX_STA                             0x200000a0   Data           2  usart.o(.data)
    __stdout                                 0x200000a4   Data           4  usart.o(.data)
    CarSpeed_LF                              0x200000cc   Data          48  control.o(.bss)
    CarSpeed_RF                              0x200000fc   Data          48  control.o(.bss)
    CarSpeed_LB                              0x2000012c   Data          48  control.o(.bss)
    CarSpeed_RB                              0x2000015c   Data          48  control.o(.bss)
    CarDirection                             0x2000018c   Data          28  control.o(.bss)
    USART_RX_BUF                             0x200001a8   Data         200  usart.o(.bss)
    USART3_RX_BUF                            0x20000270   Data         200  usart.o(.bss)
    __libspace_start                         0x20000338   Data          96  libspace.o(.bss)
    __temporary_stack_top$libspace           0x20000398   Data           0  libspace.o(.bss)



==============================================================================

Memory Map of the image

  Image Entry point : 0x08000131

  Load Region LR_IROM1 (Base: 0x08000000, Size: 0x0000757c, Max: 0x00040000, ABSOLUTE)

    Execution Region ER_IROM1 (Exec base: 0x08000000, Load base: 0x08000000, Size: 0x000074c0, Max: 0x00040000, ABSOLUTE)

    Exec Addr    Load Addr    Size         Type   Attr      Idx    E Section Name        Object

    0x08000000   0x08000000   0x00000130   Data   RO         1256    RESET               startup_stm32f10x_hd.o
    0x08000130   0x08000130   0x00000008   Code   RO         2445  * !!!main             c_w.l(__main.o)
    0x08000138   0x08000138   0x00000034   Code   RO         2811    !!!scatter          c_w.l(__scatter.o)
    0x0800016c   0x0800016c   0x0000001a   Code   RO         2813    !!handler_copy      c_w.l(__scatter_copy.o)
    0x08000186   0x08000186   0x00000002   PAD
    0x08000188   0x08000188   0x0000001c   Code   RO         2815    !!handler_zi        c_w.l(__scatter_zi.o)
    0x080001a4   0x080001a4   0x00000000   Code   RO         2438    .ARM.Collect$$_printf_percent$$00000000  c_w.l(_printf_percent.o)
    0x080001a4   0x080001a4   0x00000006   Code   RO         2437    .ARM.Collect$$_printf_percent$$00000003  c_w.l(_printf_f.o)
    0x080001aa   0x080001aa   0x00000006   Code   RO         2436    .ARM.Collect$$_printf_percent$$00000009  c_w.l(_printf_d.o)
    0x080001b0   0x080001b0   0x00000004   Code   RO         2532    .ARM.Collect$$_printf_percent$$00000017  c_w.l(_printf_percent_end.o)
    0x080001b4   0x080001b4   0x00000002   Code   RO         2680    .ARM.Collect$$libinit$$00000000  c_w.l(libinit.o)
    0x080001b6   0x080001b6   0x00000000   Code   RO         2682    .ARM.Collect$$libinit$$00000002  c_w.l(libinit2.o)
    0x080001b6   0x080001b6   0x00000000   Code   RO         2684    .ARM.Collect$$libinit$$00000004  c_w.l(libinit2.o)
    0x080001b6   0x080001b6   0x00000000   Code   RO         2687    .ARM.Collect$$libinit$$0000000A  c_w.l(libinit2.o)
    0x080001b6   0x080001b6   0x00000000   Code   RO         2689    .ARM.Collect$$libinit$$0000000C  c_w.l(libinit2.o)
    0x080001b6   0x080001b6   0x00000000   Code   RO         2691    .ARM.Collect$$libinit$$0000000E  c_w.l(libinit2.o)
    0x080001b6   0x080001b6   0x00000006   Code   RO         2692    .ARM.Collect$$libinit$$0000000F  c_w.l(libinit2.o)
    0x080001bc   0x080001bc   0x00000000   Code   RO         2694    .ARM.Collect$$libinit$$00000011  c_w.l(libinit2.o)
    0x080001bc   0x080001bc   0x00000000   Code   RO         2696    .ARM.Collect$$libinit$$00000013  c_w.l(libinit2.o)
    0x080001bc   0x080001bc   0x00000000   Code   RO         2698    .ARM.Collect$$libinit$$00000015  c_w.l(libinit2.o)
    0x080001bc   0x080001bc   0x0000000a   Code   RO         2699    .ARM.Collect$$libinit$$00000016  c_w.l(libinit2.o)
    0x080001c6   0x080001c6   0x00000000   Code   RO         2700    .ARM.Collect$$libinit$$00000017  c_w.l(libinit2.o)
    0x080001c6   0x080001c6   0x00000000   Code   RO         2702    .ARM.Collect$$libinit$$00000019  c_w.l(libinit2.o)
    0x080001c6   0x080001c6   0x00000000   Code   RO         2704    .ARM.Collect$$libinit$$0000001B  c_w.l(libinit2.o)
    0x080001c6   0x080001c6   0x00000000   Code   RO         2706    .ARM.Collect$$libinit$$0000001D  c_w.l(libinit2.o)
    0x080001c6   0x080001c6   0x00000000   Code   RO         2708    .ARM.Collect$$libinit$$0000001F  c_w.l(libinit2.o)
    0x080001c6   0x080001c6   0x00000000   Code   RO         2710    .ARM.Collect$$libinit$$00000021  c_w.l(libinit2.o)
    0x080001c6   0x080001c6   0x00000000   Code   RO         2712    .ARM.Collect$$libinit$$00000023  c_w.l(libinit2.o)
    0x080001c6   0x080001c6   0x00000000   Code   RO         2714    .ARM.Collect$$libinit$$00000025  c_w.l(libinit2.o)
    0x080001c6   0x080001c6   0x00000000   Code   RO         2718    .ARM.Collect$$libinit$$0000002C  c_w.l(libinit2.o)
    0x080001c6   0x080001c6   0x00000000   Code   RO         2720    .ARM.Collect$$libinit$$0000002E  c_w.l(libinit2.o)
    0x080001c6   0x080001c6   0x00000000   Code   RO         2722    .ARM.Collect$$libinit$$00000030  c_w.l(libinit2.o)
    0x080001c6   0x080001c6   0x00000000   Code   RO         2724    .ARM.Collect$$libinit$$00000032  c_w.l(libinit2.o)
    0x080001c6   0x080001c6   0x00000002   Code   RO         2725    .ARM.Collect$$libinit$$00000033  c_w.l(libinit2.o)
    0x080001c8   0x080001c8   0x00000002   Code   RO         2771    .ARM.Collect$$libshutdown$$00000000  c_w.l(libshutdown.o)
    0x080001ca   0x080001ca   0x00000000   Code   RO         2780    .ARM.Collect$$libshutdown$$00000002  c_w.l(libshutdown2.o)
    0x080001ca   0x080001ca   0x00000000   Code   RO         2782    .ARM.Collect$$libshutdown$$00000004  c_w.l(libshutdown2.o)
    0x080001ca   0x080001ca   0x00000000   Code   RO         2785    .ARM.Collect$$libshutdown$$00000007  c_w.l(libshutdown2.o)
    0x080001ca   0x080001ca   0x00000000   Code   RO         2788    .ARM.Collect$$libshutdown$$0000000A  c_w.l(libshutdown2.o)
    0x080001ca   0x080001ca   0x00000000   Code   RO         2790    .ARM.Collect$$libshutdown$$0000000C  c_w.l(libshutdown2.o)
    0x080001ca   0x080001ca   0x00000000   Code   RO         2793    .ARM.Collect$$libshutdown$$0000000F  c_w.l(libshutdown2.o)
    0x080001ca   0x080001ca   0x00000002   Code   RO         2794    .ARM.Collect$$libshutdown$$00000010  c_w.l(libshutdown2.o)
    0x080001cc   0x080001cc   0x00000000   Code   RO         2521    .ARM.Collect$$rtentry$$00000000  c_w.l(__rtentry.o)
    0x080001cc   0x080001cc   0x00000000   Code   RO         2586    .ARM.Collect$$rtentry$$00000002  c_w.l(__rtentry2.o)
    0x080001cc   0x080001cc   0x00000006   Code   RO         2598    .ARM.Collect$$rtentry$$00000004  c_w.l(__rtentry4.o)
    0x080001d2   0x080001d2   0x00000000   Code   RO         2588    .ARM.Collect$$rtentry$$00000009  c_w.l(__rtentry2.o)
    0x080001d2   0x080001d2   0x00000004   Code   RO         2589    .ARM.Collect$$rtentry$$0000000A  c_w.l(__rtentry2.o)
    0x080001d6   0x080001d6   0x00000000   Code   RO         2591    .ARM.Collect$$rtentry$$0000000C  c_w.l(__rtentry2.o)
    0x080001d6   0x080001d6   0x00000008   Code   RO         2592    .ARM.Collect$$rtentry$$0000000D  c_w.l(__rtentry2.o)
    0x080001de   0x080001de   0x00000002   Code   RO         2730    .ARM.Collect$$rtexit$$00000000  c_w.l(rtexit.o)
    0x080001e0   0x080001e0   0x00000000   Code   RO         2741    .ARM.Collect$$rtexit$$00000002  c_w.l(rtexit2.o)
    0x080001e0   0x080001e0   0x00000004   Code   RO         2742    .ARM.Collect$$rtexit$$00000003  c_w.l(rtexit2.o)
    0x080001e4   0x080001e4   0x00000006   Code   RO         2743    .ARM.Collect$$rtexit$$00000004  c_w.l(rtexit2.o)
    0x080001ea   0x080001ea   0x00000002   PAD
    0x080001ec   0x080001ec   0x00000040   Code   RO         1257    .text               startup_stm32f10x_hd.o
    0x0800022c   0x0800022c   0x00000002   Code   RO         2380    .text               c_w.l(use_no_semi_2.o)
    0x0800022e   0x0800022e   0x00000048   Code   RO         2382    .text               c_w.l(llsdiv.o)
    0x08000276   0x08000276   0x00000002   PAD
    0x08000278   0x08000278   0x00000018   Code   RO         2386    .text               c_w.l(noretval__2printf.o)
    0x08000290   0x08000290   0x00000078   Code   RO         2392    .text               c_w.l(_printf_dec.o)
    0x08000308   0x08000308   0x00000138   Code   RO         2427    .text               c_w.l(__printf_flags_wp.o)
    0x08000440   0x08000440   0x00000058   Code   RO         2439    .text               c_w.l(memcmp.o)
    0x08000498   0x08000498   0x00000010   Code   RO         2441    .text               c_w.l(aeabi_memset.o)
    0x080004a8   0x080004a8   0x00000006   Code   RO         2443    .text               c_w.l(heapauxi.o)
    0x080004ae   0x080004ae   0x00000002   Code   RO         2519    .text               c_w.l(use_no_semi.o)
    0x080004b0   0x080004b0   0x000000ee   Code   RO         2522    .text               c_w.l(lludivv7m.o)
    0x0800059e   0x0800059e   0x00000016   Code   RO         2524    .text               c_w.l(_rserrno.o)
    0x080005b4   0x080005b4   0x000000b2   Code   RO         2526    .text               c_w.l(_printf_intcommon.o)
    0x08000666   0x08000666   0x0000041a   Code   RO         2528    .text               c_w.l(_printf_fp_dec.o)
    0x08000a80   0x08000a80   0x00000024   Code   RO         2530    .text               c_w.l(_printf_char_file.o)
    0x08000aa4   0x08000aa4   0x00000044   Code   RO         2533    .text               c_w.l(rt_memclr.o)
    0x08000ae8   0x08000ae8   0x00000008   Code   RO         2607    .text               c_w.l(rt_locale_intlibspace.o)
    0x08000af0   0x08000af0   0x00000008   Code   RO         2612    .text               c_w.l(rt_errno_addr_intlibspace.o)
    0x08000af8   0x08000af8   0x0000008a   Code   RO         2614    .text               c_w.l(lludiv10.o)
    0x08000b82   0x08000b82   0x00000002   PAD
    0x08000b84   0x08000b84   0x00000030   Code   RO         2616    .text               c_w.l(_printf_char_common.o)
    0x08000bb4   0x08000bb4   0x00000080   Code   RO         2618    .text               c_w.l(_printf_fp_infnan.o)
    0x08000c34   0x08000c34   0x000000dc   Code   RO         2620    .text               c_w.l(bigflt0.o)
    0x08000d10   0x08000d10   0x00000008   Code   RO         2645    .text               c_w.l(ferror.o)
    0x08000d18   0x08000d18   0x0000004e   Code   RO         2652    .text               c_w.l(rt_memclr_w.o)
    0x08000d66   0x08000d66   0x00000002   PAD
    0x08000d68   0x08000d68   0x00000008   Code   RO         2662    .text               c_w.l(libspace.o)
    0x08000d70   0x08000d70   0x0000004a   Code   RO         2665    .text               c_w.l(sys_stackheap_outer.o)
    0x08000dba   0x08000dba   0x00000012   Code   RO         2671    .text               c_w.l(exit.o)
    0x08000dcc   0x08000dcc   0x00000080   Code   RO         2673    .text               c_w.l(strcmpv7m.o)
    0x08000e4c   0x08000e4c   0x0000003e   Code   RO         2623    CL$$btod_d2e        c_w.l(btod.o)
    0x08000e8a   0x08000e8a   0x00000046   Code   RO         2625    CL$$btod_d2e_denorm_low  c_w.l(btod.o)
    0x08000ed0   0x08000ed0   0x00000060   Code   RO         2624    CL$$btod_d2e_norm_op1  c_w.l(btod.o)
    0x08000f30   0x08000f30   0x00000338   Code   RO         2633    CL$$btod_div_common  c_w.l(btod.o)
    0x08001268   0x08001268   0x000000c6   Code   RO         2630    CL$$btod_e2e        c_w.l(btod.o)
    0x0800132e   0x0800132e   0x00000028   Code   RO         2627    CL$$btod_ediv       c_w.l(btod.o)
    0x08001356   0x08001356   0x00000028   Code   RO         2626    CL$$btod_emul       c_w.l(btod.o)
    0x0800137e   0x0800137e   0x00000244   Code   RO         2632    CL$$btod_mult_common  c_w.l(btod.o)
    0x080015c2   0x080015c2   0x00000002   Code   RO          108    i.BusFault_Handler  stm32f10x_it.o
    0x080015c4   0x080015c4   0x0000002c   Code   RO          957    i.C5_C12_init       control.o
    0x080015f0   0x080015f0   0x00000028   Code   RO          958    i.Control           control.o
    0x08001618   0x08001618   0x00000048   Code   RO          959    i.Control_init      control.o
    0x08001660   0x08001660   0x00000002   Code   RO          109    i.DebugMon_Handler  stm32f10x_it.o
    0x08001662   0x08001662   0x00000002   PAD
    0x08001664   0x08001664   0x000000fc   Code   RO          897    i.EXTI9_5_IRQHandler  hcsr04.o
    0x08001760   0x08001760   0x0000000c   Code   RO         1792    i.EXTI_ClearITPendingBit  stm32f10x_exti.o
    0x0800176c   0x0800176c   0x00000020   Code   RO         1796    i.EXTI_GetITStatus  stm32f10x_exti.o
    0x0800178c   0x0800178c   0x00000170   Code   RO         1091    i.Encoder_Init      encoder.o
    0x080018fc   0x080018fc   0x0000009c   Code   RO         1303    i.GPIO_Init         stm32f10x_gpio.o
    0x08001998   0x08001998   0x00000058   Code   RO         1305    i.GPIO_PinRemapConfig  stm32f10x_gpio.o
    0x080019f0   0x080019f0   0x00000004   Code   RO         1310    i.GPIO_ResetBits    stm32f10x_gpio.o
    0x080019f4   0x080019f4   0x00000004   Code   RO         1311    i.GPIO_SetBits      stm32f10x_gpio.o
    0x080019f8   0x080019f8   0x0000002c   Code   RO          960    i.Get_speed         control.o
    0x08001a24   0x08001a24   0x00000002   Code   RO          110    i.HardFault_Handler  stm32f10x_it.o
    0x08001a26   0x08001a26   0x00000002   PAD
    0x08001a28   0x08001a28   0x0000001c   Code   RO          961    i.Left_Behind_Motor_Back  control.o
    0x08001a44   0x08001a44   0x0000001c   Code   RO          962    i.Left_Behind_Motor_Go  control.o
    0x08001a60   0x08001a60   0x00000020   Code   RO          964    i.Left_Forward_Motor_Back  control.o
    0x08001a80   0x08001a80   0x00000020   Code   RO          965    i.Left_Forward_Motor_Go  control.o
    0x08001aa0   0x08001aa0   0x00000032   Code   RO          229    i.MPU_Get_Accelerometer  mpu6050.o
    0x08001ad2   0x08001ad2   0x00000032   Code   RO          230    i.MPU_Get_Gyroscope  mpu6050.o
    0x08001b04   0x08001b04   0x00000040   Code   RO          306    i.MPU_IIC_Ack       mpuiic.o
    0x08001b44   0x08001b44   0x00000034   Code   RO          308    i.MPU_IIC_Init      mpuiic.o
    0x08001b78   0x08001b78   0x00000040   Code   RO          309    i.MPU_IIC_NAck      mpuiic.o
    0x08001bb8   0x08001bb8   0x0000006c   Code   RO          310    i.MPU_IIC_Read_Byte  mpuiic.o
    0x08001c24   0x08001c24   0x00000058   Code   RO          311    i.MPU_IIC_Send_Byte  mpuiic.o
    0x08001c7c   0x08001c7c   0x00000040   Code   RO          312    i.MPU_IIC_Start     mpuiic.o
    0x08001cbc   0x08001cbc   0x00000044   Code   RO          313    i.MPU_IIC_Stop      mpuiic.o
    0x08001d00   0x08001d00   0x00000058   Code   RO          314    i.MPU_IIC_Wait_Ack  mpuiic.o
    0x08001d58   0x08001d58   0x00000076   Code   RO          232    i.MPU_Init          mpu6050.o
    0x08001dce   0x08001dce   0x0000003a   Code   RO          233    i.MPU_Read_Byte     mpu6050.o
    0x08001e08   0x08001e08   0x0000006a   Code   RO          234    i.MPU_Read_Len      mpu6050.o
    0x08001e72   0x08001e72   0x0000000a   Code   RO          235    i.MPU_Set_Accel_Fsr  mpu6050.o
    0x08001e7c   0x08001e7c   0x0000000a   Code   RO          236    i.MPU_Set_Gyro_Fsr  mpu6050.o
    0x08001e86   0x08001e86   0x00000030   Code   RO          237    i.MPU_Set_LPF       mpu6050.o
    0x08001eb6   0x08001eb6   0x0000002e   Code   RO          238    i.MPU_Set_Rate      mpu6050.o
    0x08001ee4   0x08001ee4   0x0000003c   Code   RO          239    i.MPU_Write_Byte    mpu6050.o
    0x08001f20   0x08001f20   0x00000052   Code   RO          240    i.MPU_Write_Len     mpu6050.o
    0x08001f72   0x08001f72   0x00000002   Code   RO          111    i.MemManage_Handler  stm32f10x_it.o
    0x08001f74   0x08001f74   0x00000076   Code   RO          967    i.Motor_Out         control.o
    0x08001fea   0x08001fea   0x00000002   Code   RO          112    i.NMI_Handler       stm32f10x_it.o
    0x08001fec   0x08001fec   0x00000064   Code   RO         1261    i.NVIC_Init         misc.o
    0x08002050   0x08002050   0x00000014   Code   RO         1262    i.NVIC_PriorityGroupConfig  misc.o
    0x08002064   0x08002064   0x00000002   Code   RO          113    i.PendSV_Handler    stm32f10x_it.o
    0x08002066   0x08002066   0x00000002   PAD
    0x08002068   0x08002068   0x00000018   Code   RO         1413    i.RCC_APB1PeriphClockCmd  stm32f10x_rcc.o
    0x08002080   0x08002080   0x00000018   Code   RO         1415    i.RCC_APB2PeriphClockCmd  stm32f10x_rcc.o
    0x08002098   0x08002098   0x00000094   Code   RO         1423    i.RCC_GetClocksFreq  stm32f10x_rcc.o
    0x0800212c   0x0800212c   0x00000040   Code   RO         1093    i.Read_Encoder      encoder.o
    0x0800216c   0x0800216c   0x0000001c   Code   RO          968    i.Right_Behind_Motor_Back  control.o
    0x08002188   0x08002188   0x0000001c   Code   RO          969    i.Right_Behind_Motor_Go  control.o
    0x080021a4   0x080021a4   0x00000020   Code   RO          971    i.Right_Forward_Motor_Back  control.o
    0x080021c4   0x080021c4   0x00000020   Code   RO          972    i.Right_Forward_Motor_Go  control.o
    0x080021e4   0x080021e4   0x00000002   Code   RO          114    i.SVC_Handler       stm32f10x_it.o
    0x080021e6   0x080021e6   0x00000002   PAD
    0x080021e8   0x080021e8   0x000000a8   Code   RO          188    i.SetSysClockTo72   system_stm32f10x.o
    0x08002290   0x08002290   0x00000098   Code   RO          974    i.Speedcontrol_LB   control.o
    0x08002328   0x08002328   0x00000018   Code   RO         1265    i.SysTick_CLKSourceConfig  misc.o
    0x08002340   0x08002340   0x00000002   Code   RO          115    i.SysTick_Handler   stm32f10x_it.o
    0x08002342   0x08002342   0x00000002   PAD
    0x08002344   0x08002344   0x00000050   Code   RO          190    i.SystemInit        system_stm32f10x.o
    0x08002394   0x08002394   0x0000006c   Code   RO         1845    i.TI1_Config        stm32f10x_tim.o
    0x08002400   0x08002400   0x0000007c   Code   RO         1846    i.TI2_Config        stm32f10x_tim.o
    0x0800247c   0x0800247c   0x000000c8   Code   RO         1115    i.TIM1_PWM_Init     timer1.o
    0x08002544   0x08002544   0x00000030   Code   RO         1116    i.TIM1_PWM_Set      timer1.o
    0x08002574   0x08002574   0x00000030   Code   RO          898    i.TIM6_IRQHandler   hcsr04.o
    0x080025a4   0x080025a4   0x00000028   Code   RO         1133    i.TIM7_IRQHandler   timer7.o
    0x080025cc   0x080025cc   0x00000060   Code   RO         1134    i.TIM7_Init         timer7.o
    0x0800262c   0x0800262c   0x00000014   Code   RO         1847    i.TIM_ARRPreloadConfig  stm32f10x_tim.o
    0x08002640   0x08002640   0x00000006   Code   RO         1854    i.TIM_ClearITPendingBit  stm32f10x_tim.o
    0x08002646   0x08002646   0x00000014   Code   RO         1859    i.TIM_Cmd           stm32f10x_tim.o
    0x0800265a   0x0800265a   0x00000016   Code   RO         1861    i.TIM_CtrlPWMOutputs  stm32f10x_tim.o
    0x08002670   0x08002670   0x00000032   Code   RO         1868    i.TIM_EncoderInterfaceConfig  stm32f10x_tim.o
    0x080026a2   0x080026a2   0x00000004   Code   RO         1878    i.TIM_GetCounter    stm32f10x_tim.o
    0x080026a6   0x080026a6   0x00000018   Code   RO         1880    i.TIM_GetITStatus   stm32f10x_tim.o
    0x080026be   0x080026be   0x00000002   PAD
    0x080026c0   0x080026c0   0x0000012c   Code   RO         1882    i.TIM_ICInit        stm32f10x_tim.o
    0x080027ec   0x080027ec   0x00000010   Code   RO         1884    i.TIM_ITConfig      stm32f10x_tim.o
    0x080027fc   0x080027fc   0x00000080   Code   RO         1888    i.TIM_OC1Init       stm32f10x_tim.o
    0x0800287c   0x0800287c   0x00000080   Code   RO         1893    i.TIM_OC2Init       stm32f10x_tim.o
    0x080028fc   0x080028fc   0x0000007c   Code   RO         1898    i.TIM_OC3Init       stm32f10x_tim.o
    0x08002978   0x08002978   0x00000064   Code   RO         1903    i.TIM_OC4Init       stm32f10x_tim.o
    0x080029dc   0x080029dc   0x00000004   Code   RO         1920    i.TIM_SetCompare1   stm32f10x_tim.o
    0x080029e0   0x080029e0   0x00000004   Code   RO         1921    i.TIM_SetCompare2   stm32f10x_tim.o
    0x080029e4   0x080029e4   0x00000004   Code   RO         1922    i.TIM_SetCompare3   stm32f10x_tim.o
    0x080029e8   0x080029e8   0x00000006   Code   RO         1923    i.TIM_SetCompare4   stm32f10x_tim.o
    0x080029ee   0x080029ee   0x00000010   Code   RO         1925    i.TIM_SetIC1Prescaler  stm32f10x_tim.o
    0x080029fe   0x080029fe   0x00000018   Code   RO         1926    i.TIM_SetIC2Prescaler  stm32f10x_tim.o
    0x08002a16   0x08002a16   0x00000010   Code   RO         1927    i.TIM_SetIC3Prescaler  stm32f10x_tim.o
    0x08002a26   0x08002a26   0x00000018   Code   RO         1928    i.TIM_SetIC4Prescaler  stm32f10x_tim.o
    0x08002a3e   0x08002a3e   0x00000002   PAD
    0x08002a40   0x08002a40   0x0000009c   Code   RO         1930    i.TIM_TimeBaseInit  stm32f10x_tim.o
    0x08002adc   0x08002adc   0x00000064   Code   RO         1189    i.USART1_IRQHandler  usart.o
    0x08002b40   0x08002b40   0x00000064   Code   RO         1190    i.USART3_IRQHandler  usart.o
    0x08002ba4   0x08002ba4   0x00000014   Code   RO         1615    i.USART_Cmd         stm32f10x_usart.o
    0x08002bb8   0x08002bb8   0x0000003e   Code   RO         1619    i.USART_GetITStatus  stm32f10x_usart.o
    0x08002bf6   0x08002bf6   0x00000030   Code   RO         1621    i.USART_ITConfig    stm32f10x_usart.o
    0x08002c26   0x08002c26   0x00000002   PAD
    0x08002c28   0x08002c28   0x000000ac   Code   RO         1622    i.USART_Init        stm32f10x_usart.o
    0x08002cd4   0x08002cd4   0x00000008   Code   RO         1629    i.USART_ReceiveData  stm32f10x_usart.o
    0x08002cdc   0x08002cdc   0x00000002   Code   RO          116    i.UsageFault_Handler  stm32f10x_it.o
    0x08002cde   0x08002cde   0x00000028   Code   RO         2572    i.__ARM_fpclassify  m_ws.l(fpclassify.o)
    0x08002d06   0x08002d06   0x000000aa   Code   RO         2574    i.__kernel_poly     m_ws.l(poly.o)
    0x08002db0   0x08002db0   0x00000006   Code   RO         2559    i.__mathlib_dbl_infnan  m_ws.l(dunder.o)
    0x08002db6   0x08002db6   0x00000004   Code   RO         2560    i.__mathlib_dbl_infnan2  m_ws.l(dunder.o)
    0x08002dba   0x08002dba   0x0000000c   Code   RO         2561    i.__mathlib_dbl_invalid  m_ws.l(dunder.o)
    0x08002dc6   0x08002dc6   0x00000002   PAD
    0x08002dc8   0x08002dc8   0x00000010   Code   RO         2564    i.__mathlib_dbl_underflow  m_ws.l(dunder.o)
    0x08002dd8   0x08002dd8   0x0000000e   Code   RO         2425    i._is_digit         c_w.l(__printf_wp.o)
    0x08002de6   0x08002de6   0x00000002   Code   RO         1191    i._sys_exit         usart.o
    0x08002de8   0x08002de8   0x0000007c   Code   RO          366    i.accel_self_test   inv_mpu.o
    0x08002e64   0x08002e64   0x00000270   Code   RO         2502    i.asin              m_ws.l(asin.o)
    0x080030d4   0x080030d4   0x00000220   Code   RO         2549    i.atan              m_ws.l(atan.o)
    0x080032f4   0x080032f4   0x00000180   Code   RO         2512    i.atan2             m_ws.l(atan2.o)
    0x08003474   0x08003474   0x0000003c   Code   RO         1151    i.delay_init        delay.o
    0x080034b0   0x080034b0   0x00000034   Code   RO         1152    i.delay_ms          delay.o
    0x080034e4   0x080034e4   0x00000034   Code   RO         1153    i.delay_us          delay.o
    0x08003518   0x08003518   0x0000003a   Code   RO          696    i.dmp_enable_6x_lp_quat  inv_mpu_dmp_motion_driver.o
    0x08003552   0x08003552   0x00000002   PAD
    0x08003554   0x08003554   0x000001dc   Code   RO          697    i.dmp_enable_feature  inv_mpu_dmp_motion_driver.o
    0x08003730   0x08003730   0x00000038   Code   RO          698    i.dmp_enable_gyro_cal  inv_mpu_dmp_motion_driver.o
    0x08003768   0x08003768   0x0000003a   Code   RO          699    i.dmp_enable_lp_quat  inv_mpu_dmp_motion_driver.o
    0x080037a2   0x080037a2   0x00000002   PAD
    0x080037a4   0x080037a4   0x00000014   Code   RO          704    i.dmp_load_motion_driver_firmware  inv_mpu_dmp_motion_driver.o
    0x080037b8   0x080037b8   0x00000148   Code   RO          705    i.dmp_read_fifo     inv_mpu_dmp_motion_driver.o
    0x08003900   0x08003900   0x000000d8   Code   RO          708    i.dmp_set_accel_bias  inv_mpu_dmp_motion_driver.o
    0x080039d8   0x080039d8   0x00000064   Code   RO          709    i.dmp_set_fifo_rate  inv_mpu_dmp_motion_driver.o
    0x08003a3c   0x08003a3c   0x000000cc   Code   RO          710    i.dmp_set_gyro_bias  inv_mpu_dmp_motion_driver.o
    0x08003b08   0x08003b08   0x0000010c   Code   RO          712    i.dmp_set_orientation  inv_mpu_dmp_motion_driver.o
    0x08003c14   0x08003c14   0x00000030   Code   RO          715    i.dmp_set_shake_reject_thresh  inv_mpu_dmp_motion_driver.o
    0x08003c44   0x08003c44   0x00000020   Code   RO          716    i.dmp_set_shake_reject_time  inv_mpu_dmp_motion_driver.o
    0x08003c64   0x08003c64   0x00000020   Code   RO          717    i.dmp_set_shake_reject_timeout  inv_mpu_dmp_motion_driver.o
    0x08003c84   0x08003c84   0x00000040   Code   RO          718    i.dmp_set_tap_axes  inv_mpu_dmp_motion_driver.o
    0x08003cc4   0x08003cc4   0x00000022   Code   RO          719    i.dmp_set_tap_count  inv_mpu_dmp_motion_driver.o
    0x08003ce6   0x08003ce6   0x00000002   PAD
    0x08003ce8   0x08003ce8   0x00000128   Code   RO          720    i.dmp_set_tap_thresh  inv_mpu_dmp_motion_driver.o
    0x08003e10   0x08003e10   0x00000020   Code   RO          721    i.dmp_set_tap_time  inv_mpu_dmp_motion_driver.o
    0x08003e30   0x08003e30   0x00000020   Code   RO          722    i.dmp_set_tap_time_multi  inv_mpu_dmp_motion_driver.o
    0x08003e50   0x08003e50   0x00000018   Code   RO         1192    i.fputc             usart.o
    0x08003e68   0x08003e68   0x000000a8   Code   RO          367    i.get_accel_prod_shift  inv_mpu.o
    0x08003f10   0x08003f10   0x00000314   Code   RO          368    i.get_st_biases     inv_mpu.o
    0x08004224   0x08004224   0x000000d8   Code   RO          369    i.gyro_self_test    inv_mpu.o
    0x080042fc   0x080042fc   0x00000022   Code   RO          370    i.inv_orientation_matrix_to_scalar  inv_mpu.o
    0x0800431e   0x0800431e   0x00000048   Code   RO          371    i.inv_row_2_scale   inv_mpu.o
    0x08004366   0x08004366   0x00000002   PAD
    0x08004368   0x08004368   0x00000090   Code   RO            2    i.main              main.o
    0x080043f8   0x080043f8   0x00000002   Code   RO          372    i.mget_ms           inv_mpu.o
    0x080043fa   0x080043fa   0x00000002   PAD
    0x080043fc   0x080043fc   0x00000058   Code   RO          373    i.mpu_configure_fifo  inv_mpu.o
    0x08004454   0x08004454   0x0000019c   Code   RO          374    i.mpu_dmp_get_data  inv_mpu.o
    0x080045f0   0x080045f0   0x000000a4   Code   RO          375    i.mpu_dmp_init      inv_mpu.o
    0x08004694   0x08004694   0x0000003c   Code   RO          376    i.mpu_get_accel_fsr  inv_mpu.o
    0x080046d0   0x080046d0   0x00000044   Code   RO          378    i.mpu_get_accel_sens  inv_mpu.o
    0x08004714   0x08004714   0x00000034   Code   RO          384    i.mpu_get_gyro_fsr  inv_mpu.o
    0x08004748   0x08004748   0x00000040   Code   RO          386    i.mpu_get_gyro_sens  inv_mpu.o
    0x08004788   0x08004788   0x00000038   Code   RO          388    i.mpu_get_lpf       inv_mpu.o
    0x080047c0   0x080047c0   0x0000001c   Code   RO          390    i.mpu_get_sample_rate  inv_mpu.o
    0x080047dc   0x080047dc   0x00000188   Code   RO          392    i.mpu_init          inv_mpu.o
    0x08004964   0x08004964   0x000000a4   Code   RO          393    i.mpu_load_firmware  inv_mpu.o
    0x08004a08   0x08004a08   0x000000b8   Code   RO          394    i.mpu_lp_accel_mode  inv_mpu.o
    0x08004ac0   0x08004ac0   0x00000090   Code   RO          397    i.mpu_read_fifo_stream  inv_mpu.o
    0x08004b50   0x08004b50   0x00000054   Code   RO          398    i.mpu_read_mem      inv_mpu.o
    0x08004ba4   0x08004ba4   0x0000015c   Code   RO          401    i.mpu_reset_fifo    inv_mpu.o
    0x08004d00   0x08004d00   0x000000f0   Code   RO          402    i.mpu_run_self_test  inv_mpu.o
    0x08004df0   0x08004df0   0x00000068   Code   RO          404    i.mpu_set_accel_fsr  inv_mpu.o
    0x08004e58   0x08004e58   0x000000dc   Code   RO          405    i.mpu_set_bypass    inv_mpu.o
    0x08004f34   0x08004f34   0x00000078   Code   RO          407    i.mpu_set_dmp_state  inv_mpu.o
    0x08004fac   0x08004fac   0x0000006c   Code   RO          408    i.mpu_set_gyro_fsr  inv_mpu.o
    0x08005018   0x08005018   0x00000064   Code   RO          409    i.mpu_set_int_latched  inv_mpu.o
    0x0800507c   0x0800507c   0x0000006c   Code   RO          411    i.mpu_set_lpf       inv_mpu.o
    0x080050e8   0x080050e8   0x00000078   Code   RO          412    i.mpu_set_sample_rate  inv_mpu.o
    0x08005160   0x08005160   0x000000b8   Code   RO          413    i.mpu_set_sensors   inv_mpu.o
    0x08005218   0x08005218   0x00000054   Code   RO          414    i.mpu_write_mem     inv_mpu.o
    0x0800526c   0x0800526c   0x00000080   Code   RO          415    i.run_self_test     inv_mpu.o
    0x080052ec   0x080052ec   0x00000054   Code   RO          416    i.set_int_enable    inv_mpu.o
    0x08005340   0x08005340   0x0000004c   Code   RO         2578    i.sqrt              m_ws.l(sqrt.o)
    0x0800538c   0x0800538c   0x000000a8   Code   RO         1193    i.uart3_init        usart.o
    0x08005434   0x08005434   0x00000024   Code   RO          874    i.vofa_printmpu6050  vofa.o
    0x08005458   0x08005458   0x0000002c   Code   RO         2650    locale$$code        c_w.l(lc_numeric_c.o)
    0x08005484   0x08005484   0x00000062   Code   RO         2447    x$fpl$d2f           fz_ws.l(d2f.o)
    0x080054e6   0x080054e6   0x00000002   PAD
    0x080054e8   0x080054e8   0x00000150   Code   RO         2449    x$fpl$dadd          fz_ws.l(daddsub_clz.o)
    0x08005638   0x08005638   0x00000010   Code   RO         2535    x$fpl$dcheck1       fz_ws.l(dcheck1.o)
    0x08005648   0x08005648   0x000002b0   Code   RO         2456    x$fpl$ddiv          fz_ws.l(ddiv.o)
    0x080058f8   0x080058f8   0x0000002e   Code   RO         2460    x$fpl$dflt          fz_ws.l(dflt_clz.o)
    0x08005926   0x08005926   0x00000026   Code   RO         2459    x$fpl$dfltu         fz_ws.l(dflt_clz.o)
    0x0800594c   0x0800594c   0x00000154   Code   RO         2465    x$fpl$dmul          fz_ws.l(dmul.o)
    0x08005aa0   0x08005aa0   0x0000009c   Code   RO         2537    x$fpl$dnaninf       fz_ws.l(dnaninf.o)
    0x08005b3c   0x08005b3c   0x0000000c   Code   RO         2539    x$fpl$dretinf       fz_ws.l(dretinf.o)
    0x08005b48   0x08005b48   0x00000016   Code   RO         2450    x$fpl$drsb          fz_ws.l(daddsub_clz.o)
    0x08005b5e   0x08005b5e   0x00000002   PAD
    0x08005b60   0x08005b60   0x000001cc   Code   RO         2656    x$fpl$dsqrt         fz_ws.l(dsqrt_noumaal.o)
    0x08005d2c   0x08005d2c   0x000001d4   Code   RO         2451    x$fpl$dsub          fz_ws.l(daddsub_clz.o)
    0x08005f00   0x08005f00   0x00000056   Code   RO         2467    x$fpl$f2d           fz_ws.l(f2d.o)
    0x08005f56   0x08005f56   0x00000002   PAD
    0x08005f58   0x08005f58   0x000000c4   Code   RO         2469    x$fpl$fadd          fz_ws.l(faddsub_clz.o)
    0x0800601c   0x0800601c   0x0000000c   Code   RO         2541    x$fpl$fcheck1       fz_ws.l(fcheck1.o)
    0x08006028   0x08006028   0x00000184   Code   RO         2476    x$fpl$fdiv          fz_ws.l(fdiv.o)
    0x080061ac   0x080061ac   0x00000036   Code   RO         2479    x$fpl$ffix          fz_ws.l(ffix.o)
    0x080061e2   0x080061e2   0x00000002   PAD
    0x080061e4   0x080061e4   0x0000003e   Code   RO         2483    x$fpl$ffixu         fz_ws.l(ffixu.o)
    0x08006222   0x08006222   0x00000002   PAD
    0x08006224   0x08006224   0x00000030   Code   RO         2488    x$fpl$fflt          fz_ws.l(fflt_clz.o)
    0x08006254   0x08006254   0x00000026   Code   RO         2487    x$fpl$ffltu         fz_ws.l(fflt_clz.o)
    0x0800627a   0x0800627a   0x00000002   PAD
    0x0800627c   0x0800627c   0x00000102   Code   RO         2493    x$fpl$fmul          fz_ws.l(fmul.o)
    0x0800637e   0x0800637e   0x0000008c   Code   RO         2543    x$fpl$fnaninf       fz_ws.l(fnaninf.o)
    0x0800640a   0x0800640a   0x0000000a   Code   RO         2545    x$fpl$fretinf       fz_ws.l(fretinf.o)
    0x08006414   0x08006414   0x00000014   Code   RO         2470    x$fpl$frsb          fz_ws.l(faddsub_clz.o)
    0x08006428   0x08006428   0x000000ea   Code   RO         2471    x$fpl$fsub          fz_ws.l(faddsub_clz.o)
    0x08006512   0x08006512   0x00000004   Code   RO         2495    x$fpl$printf1       fz_ws.l(printf1.o)
    0x08006516   0x08006516   0x00000064   Code   RO         2660    x$fpl$retnan        fz_ws.l(retnan.o)
    0x0800657a   0x0800657a   0x0000005c   Code   RO         2497    x$fpl$scalbn        fz_ws.l(scalbn.o)
    0x080065d6   0x080065d6   0x0000004c   Code   RO         2499    x$fpl$scalbnf       fz_ws.l(scalbnf.o)
    0x08006622   0x08006622   0x00000030   Code   RO         2728    x$fpl$trapveneer    fz_ws.l(trapv.o)
    0x08006652   0x08006652   0x00000000   Code   RO         2547    x$fpl$usenofp       fz_ws.l(usenofp.o)
    0x08006652   0x08006652   0x0000001b   Data   RO          418    .constdata          inv_mpu.o
    0x0800666d   0x0800666d   0x00000001   PAD
    0x0800666e   0x0800666e   0x0000000c   Data   RO          419    .constdata          inv_mpu.o
    0x0800667a   0x0800667a   0x00000002   PAD
    0x0800667c   0x0800667c   0x00000028   Data   RO          420    .constdata          inv_mpu.o
    0x080066a4   0x080066a4   0x00000bf6   Data   RO          724    .constdata          inv_mpu_dmp_motion_driver.o
    0x0800729a   0x0800729a   0x00000011   Data   RO         2428    .constdata          c_w.l(__printf_flags_wp.o)
    0x080072ab   0x080072ab   0x00000005   PAD
    0x080072b0   0x080072b0   0x00000050   Data   RO         2503    .constdata          m_ws.l(asin.o)
    0x08007300   0x08007300   0x00000098   Data   RO         2550    .constdata          m_ws.l(atan.o)
    0x08007398   0x08007398   0x00000008   Data   RO         2576    .constdata          m_ws.l(qnan.o)
    0x080073a0   0x080073a0   0x00000094   Data   RO         2621    .constdata          c_w.l(bigflt0.o)
    0x08007434   0x08007434   0x0000004d   Data   RO          421    .conststring        inv_mpu.o
    0x08007481   0x08007481   0x00000003   PAD
    0x08007484   0x08007484   0x00000020   Data   RO         2809    Region$$Table       anon$$obj.o
    0x080074a4   0x080074a4   0x0000001c   Data   RO         2649    locale$$data        c_w.l(lc_numeric_c.o)


    Execution Region RW_IRAM1 (Exec base: 0x20000000, Load base: 0x080074c0, Size: 0x00000998, Max: 0x0000c000, ABSOLUTE)

    Exec Addr    Load Addr    Size         Type   Attr      Idx    E Section Name        Object

    0x20000000   0x080074c0   0x00000018   Data   RW            3    .data               main.o
    0x20000018   0x080074d8   0x00000014   Data   RW          191    .data               system_stm32f10x.o
    0x2000002c   0x080074ec   0x00000035   Data   RW          422    .data               inv_mpu.o
    0x20000061   0x08007521   0x00000003   PAD
    0x20000064   0x08007524   0x00000010   Data   RW          901    .data               hcsr04.o
    0x20000074   0x08007534   0x00000028   Data   RW          979    .data               control.o
    0x2000009c   0x0800755c   0x00000004   Data   RW         1154    .data               delay.o
    0x200000a0   0x08007560   0x00000002   Data   RW         1196    .data               usart.o
    0x200000a2   0x08007562   0x00000002   PAD
    0x200000a4   0x08007564   0x00000004   Data   RW         1197    .data               usart.o
    0x200000a8   0x08007568   0x00000014   Data   RW         1443    .data               stm32f10x_rcc.o
    0x200000bc        -       0x00000010   Zero   RW          723    .bss                inv_mpu_dmp_motion_driver.o
    0x200000cc        -       0x000000dc   Zero   RW          978    .bss                control.o
    0x200001a8        -       0x00000190   Zero   RW         1195    .bss                usart.o
    0x20000338        -       0x00000060   Zero   RW         2663    .bss                c_w.l(libspace.o)
    0x20000398        -       0x00000200   Zero   RW         1255    HEAP                startup_stm32f10x_hd.o
    0x20000598        -       0x00000400   Zero   RW         1254    STACK               startup_stm32f10x_hd.o


==============================================================================

Image component sizes


      Code (inc. data)   RO Data    RW Data    ZI Data      Debug   Object Name

       710         70          0         40        220       9032   control.o
         0          0          0          0          0         32   core_cm3.o
       164         26          0          4          0       1651   delay.o
       432         42          0          0          0       1422   encoder.o
       300         84          0         16          0       1380   hcsr04.o
      5312        282        156         53          0      30498   inv_mpu.o
      2354        116       3062          0         16      19838   inv_mpu_dmp_motion_driver.o
       144         26          0         24          0     232995   main.o
       144         16          0          0          0       2025   misc.o
       638          0          0          0          0       7381   mpu6050.o
       596         66          0          0          0       5078   mpuiic.o
        64         26        304          0       1536        776   startup_stm32f10x_hd.o
        44         10          0          0          0       1148   stm32f10x_exti.o
       252          6          0          0          0       3838   stm32f10x_gpio.o
        18          0          0          0          0       3550   stm32f10x_it.o
       196         28          0         20          0       4438   stm32f10x_rcc.o
      1428        154          0          0          0      17168   stm32f10x_tim.o
       310          6          0          0          0       5102   stm32f10x_usart.o
       248         24          0         20          0       1665   system_stm32f10x.o
       248         12          0          0          0       1223   timer1.o
       136         12          0          0          0       1098   timer7.o
       394         40          0          6        400       4715   usart.o
        36         14          0          0          0      20896   vofa.o

    ----------------------------------------------------------------------
     14194       1060       3560        188       2172     376949   Object Totals
         0          0         32          0          0          0   (incl. Generated)
        26          0          6          5          0          0   (incl. Padding)

    ----------------------------------------------------------------------

      Code (inc. data)   RO Data    RW Data    ZI Data      Debug   Library Member Name

         8          0          0          0          0         68   __main.o
       312          4         17          0          0         92   __printf_flags_wp.o
        14          0          0          0          0         68   __printf_wp.o
         0          0          0          0          0          0   __rtentry.o
        12          0          0          0          0          0   __rtentry2.o
         6          0          0          0          0          0   __rtentry4.o
        52          8          0          0          0          0   __scatter.o
        26          0          0          0          0          0   __scatter_copy.o
        28          0          0          0          0          0   __scatter_zi.o
        48          6          0          0          0         96   _printf_char_common.o
        36          4          0          0          0         80   _printf_char_file.o
         6          0          0          0          0          0   _printf_d.o
       120         16          0          0          0         92   _printf_dec.o
         6          0          0          0          0          0   _printf_f.o
      1050          0          0          0          0        216   _printf_fp_dec.o
       128         16          0          0          0         84   _printf_fp_infnan.o
       178          0          0          0          0         88   _printf_intcommon.o
         0          0          0          0          0          0   _printf_percent.o
         4          0          0          0          0          0   _printf_percent_end.o
        22          0          0          0          0        100   _rserrno.o
        16          0          0          0          0         68   aeabi_memset.o
       220          4        148          0          0         96   bigflt0.o
      1910        128          0          0          0        672   btod.o
        18          0          0          0          0         80   exit.o
         8          0          0          0          0         68   ferror.o
         6          0          0          0          0        152   heapauxi.o
        44         10         28          0          0         76   lc_numeric_c.o
         2          0          0          0          0          0   libinit.o
        18          0          0          0          0          0   libinit2.o
         2          0          0          0          0          0   libshutdown.o
         2          0          0          0          0          0   libshutdown2.o
         8          4          0          0         96         68   libspace.o
        72          0          0          0          0         76   llsdiv.o
       138          0          0          0          0         80   lludiv10.o
       238          0          0          0          0        100   lludivv7m.o
        88          0          0          0          0         76   memcmp.o
        24          4          0          0          0         84   noretval__2printf.o
         8          4          0          0          0         68   rt_errno_addr_intlibspace.o
         8          4          0          0          0         68   rt_locale_intlibspace.o
        68          0          0          0          0         68   rt_memclr.o
        78          0          0          0          0         80   rt_memclr_w.o
         2          0          0          0          0          0   rtexit.o
        10          0          0          0          0          0   rtexit2.o
       128          0          0          0          0         68   strcmpv7m.o
        74          0          0          0          0         80   sys_stackheap_outer.o
         2          0          0          0          0         68   use_no_semi.o
         2          0          0          0          0         68   use_no_semi_2.o
        98          4          0          0          0         92   d2f.o
       826         16          0          0          0        348   daddsub_clz.o
        16          4          0          0          0         68   dcheck1.o
       688        140          0          0          0        208   ddiv.o
        84          0          0          0          0        136   dflt_clz.o
       340         12          0          0          0        104   dmul.o
       156          4          0          0          0         92   dnaninf.o
        12          0          0          0          0         68   dretinf.o
       460         56          0          0          0        120   dsqrt_noumaal.o
        86          4          0          0          0         84   f2d.o
       450          8          0          0          0        236   faddsub_clz.o
        12          4          0          0          0         68   fcheck1.o
       388         76          0          0          0         96   fdiv.o
        54          4          0          0          0         84   ffix.o
        62          4          0          0          0         84   ffixu.o
        86          0          0          0          0        136   fflt_clz.o
       258          4          0          0          0         84   fmul.o
       140          4          0          0          0         84   fnaninf.o
        10          0          0          0          0         68   fretinf.o
         4          0          0          0          0         68   printf1.o
       100          0          0          0          0         68   retnan.o
        92          0          0          0          0         68   scalbn.o
        76          0          0          0          0         68   scalbnf.o
        48          0          0          0          0         68   trapv.o
         0          0          0          0          0          0   usenofp.o
       624         52         80          0          0        168   asin.o
       544         70        152          0          0        124   atan.o
       384         38          0          0          0        144   atan2.o
        38          6          0          0          0        272   dunder.o
        40          0          0          0          0         68   fpclassify.o
       170          0          0          0          0         96   poly.o
         0          0          8          0          0          0   qnan.o
        76          0          0          0          0         84   sqrt.o

    ----------------------------------------------------------------------
     11696        722        438          0         96       6804   Library Totals
        24          0          5          0          0          0   (incl. Padding)

    ----------------------------------------------------------------------

      Code (inc. data)   RO Data    RW Data    ZI Data      Debug   Library Name

      5250        212        193          0         96       3248   c_w.l
      4546        344          0          0          0       2600   fz_ws.l
      1876        166        240          0          0        956   m_ws.l

    ----------------------------------------------------------------------
     11696        722        438          0         96       6804   Library Totals

    ----------------------------------------------------------------------

==============================================================================


      Code (inc. data)   RO Data    RW Data    ZI Data      Debug   

     25890       1782       3998        188       2268     372049   Grand Totals
     25890       1782       3998        188       2268     372049   ELF Image Totals
     25890       1782       3998        188          0          0   ROM Totals

==============================================================================

    Total RO  Size (Code + RO Data)                29888 (  29.19kB)
    Total RW  Size (RW Data + ZI Data)              2456 (   2.40kB)
    Total ROM Size (Code + RO Data + RW Data)      30076 (  29.37kB)

==============================================================================

